Archive member included to satisfy reference by file (symbol)

C:/Program Files/SEGGER/SEGGER Embedded Studio for ARM 4.52c/lib/libc_v7em_fpv4_sp_d16_hard_t_le_eabi.a(libc_asm.o)
                              Output/bsp_pca10056 Release/Obj/bsp.o (__aeabi_uldivmod)
C:/Program Files/SEGGER/SEGGER Embedded Studio for ARM 4.52c/lib/libc_v7em_fpv4_sp_d16_hard_t_le_eabi.a(libc2.o)
                              Output/bsp_pca10056 Release/Obj/nrf_log_str_formatter.o (isprint)
C:/Program Files/SEGGER/SEGGER Embedded Studio for ARM 4.52c/lib/libc_v7em_fpv4_sp_d16_hard_t_le_eabi.a(libc2_asm.o)
                              Output/bsp_pca10056 Release/Obj/nrf_log_frontend.o (memcpy)
C:/Program Files/SEGGER/SEGGER Embedded Studio for ARM 4.52c/lib/libc_v7em_fpv4_sp_d16_hard_t_le_eabi.a(libc.o)
                              C:/Program Files/SEGGER/SEGGER Embedded Studio for ARM 4.52c/lib/libc_v7em_fpv4_sp_d16_hard_t_le_eabi.a(libc2.o) (__heap_lock)
C:/Program Files/SEGGER/SEGGER Embedded Studio for ARM 4.52c/lib/libdebugio_v7em_fpv4_sp_d16_hard_t_le_eabi.a(libdebugio.o)
                              Output/bsp_pca10056 Release/Obj/thumb_crt0.o (debug_fopen)
C:/Program Files/SEGGER/SEGGER Embedded Studio for ARM 4.52c/lib/libdebugio_mempoll_v7em_fpv4_sp_d16_hard_t_le_eabi.a(mempoll_debug_operations.o)
                              C:/Program Files/SEGGER/SEGGER Embedded Studio for ARM 4.52c/lib/libdebugio_v7em_fpv4_sp_d16_hard_t_le_eabi.a(libdebugio.o) (__do_debug_operation)
C:/Program Files/SEGGER/SEGGER Embedded Studio for ARM 4.52c/lib/libdebugio_mempoll_v7em_fpv4_sp_d16_hard_t_le_eabi.a(do_nv_debug_operation.o)
                              C:/Program Files/SEGGER/SEGGER Embedded Studio for ARM 4.52c/lib/libdebugio_v7em_fpv4_sp_d16_hard_t_le_eabi.a(libdebugio.o) (__do_nvdebug_operation)
C:/Program Files/SEGGER/SEGGER Embedded Studio for ARM 4.52c/lib/libm_v7em_fpv4_sp_d16_hard_t_le_eabi.a(libm_asm.o)
                              C:/Program Files/SEGGER/SEGGER Embedded Studio for ARM 4.52c/lib/libc_v7em_fpv4_sp_d16_hard_t_le_eabi.a(libc2.o) (__aeabi_dadd)
C:/Program Files/SEGGER/SEGGER Embedded Studio for ARM 4.52c/lib/libm_v7em_fpv4_sp_d16_hard_t_le_eabi.a(libm2.o)
                              C:/Program Files/SEGGER/SEGGER Embedded Studio for ARM 4.52c/lib/libvfprintf_v7em_fpv4_sp_d16_hard_t_le_eabi.o (frexp)

Discarded input sections

 .text          0x0000000000000000        0x0 Output/bsp_pca10056 Release/Obj/thumb_crt0.o
 .data          0x0000000000000000        0x0 Output/bsp_pca10056 Release/Obj/thumb_crt0.o
 .bss           0x0000000000000000        0x0 Output/bsp_pca10056 Release/Obj/thumb_crt0.o
 .text.__aeabi_read_tp
                0x0000000000000000        0x8 Output/bsp_pca10056 Release/Obj/thumb_crt0.o
 .text.abort    0x0000000000000000        0x2 Output/bsp_pca10056 Release/Obj/thumb_crt0.o
 .text.__assert
                0x0000000000000000        0x2 Output/bsp_pca10056 Release/Obj/thumb_crt0.o
 .text.__assert_func
                0x0000000000000000        0x2 Output/bsp_pca10056 Release/Obj/thumb_crt0.o
 .text.__aeabi_assert
                0x0000000000000000        0x2 Output/bsp_pca10056 Release/Obj/thumb_crt0.o
 .text.__sync_synchronize
                0x0000000000000000        0x2 Output/bsp_pca10056 Release/Obj/thumb_crt0.o
 .text.__getchar
                0x0000000000000000        0x4 Output/bsp_pca10056 Release/Obj/thumb_crt0.o
 .text.__putchar
                0x0000000000000000        0x4 Output/bsp_pca10056 Release/Obj/thumb_crt0.o
 .text.__open   0x0000000000000000        0x4 Output/bsp_pca10056 Release/Obj/thumb_crt0.o
 .text.__close  0x0000000000000000        0x4 Output/bsp_pca10056 Release/Obj/thumb_crt0.o
 .text.__write  0x0000000000000000        0xa Output/bsp_pca10056 Release/Obj/thumb_crt0.o
 .text.__read   0x0000000000000000        0xa Output/bsp_pca10056 Release/Obj/thumb_crt0.o
 .text.__seek   0x0000000000000000       0x1a Output/bsp_pca10056 Release/Obj/thumb_crt0.o
 .bss.__user_locale_name_buffer
                0x0000000000000000        0x4 Output/bsp_pca10056 Release/Obj/thumb_crt0.o
 .stack         0x0000000000000000        0x0 Output/bsp_pca10056 Release/Obj/thumb_crt0.o
 .stack_process
                0x0000000000000000        0x0 Output/bsp_pca10056 Release/Obj/thumb_crt0.o
 .heap          0x0000000000000000        0x0 Output/bsp_pca10056 Release/Obj/thumb_crt0.o
 .group         0x0000000000000000        0xc Output/bsp_pca10056 Release/Obj/nrf_log_backend_rtt.o
 .group         0x0000000000000000        0xc Output/bsp_pca10056 Release/Obj/nrf_log_backend_rtt.o
 .group         0x0000000000000000        0xc Output/bsp_pca10056 Release/Obj/nrf_log_backend_rtt.o
 .group         0x0000000000000000        0xc Output/bsp_pca10056 Release/Obj/nrf_log_backend_rtt.o
 .group         0x0000000000000000        0xc Output/bsp_pca10056 Release/Obj/nrf_log_backend_rtt.o
 .group         0x0000000000000000        0xc Output/bsp_pca10056 Release/Obj/nrf_log_backend_rtt.o
[...]
Memory Configuration

Name             Origin             Length             Attributes
UNPLACED_SECTIONS 0x0000000100000000 0x0000000000000000 xw
RAM              0x0000000020000000 0x0000000000040000 xw
FLASH            0x0000000000000000 0x0000000000100000 xw
*default*        0x0000000000000000 0xffffffffffffffff

Linker script and memory map

                0x0000000000000000                __vfprintf = __vfprintf_long
                0x0000000000000000                __vfscanf = __vfscanf_long
                0x0000000020000000                __RAM_segment_start__ = 0x20000000
                0x0000000020040000                __RAM_segment_end__ = 0x20040000
                0x0000000000040000                __RAM_segment_size__ = 0x40000
                0x0000000000000000                __FLASH_segment_start__ = 0x0
                0x0000000000100000                __FLASH_segment_end__ = 0x100000
                0x0000000000100000                __FLASH_segment_size__ = 0x100000
                0x0000000000002000                __HEAPSIZE__ = 0x2000
                0x0000000000000000                __STACKSIZE_PROCESS__ = 0x0
                0x0000000000002000                __STACKSIZE__ = 0x2000
                0x0000000020000000                __vectors_ram_load_start__ = 0x20000000

.vectors_ram    0x0000000020000000        0x0
                0x0000000020000000                __vectors_ram_start__ = .
                0x0000000020000000                __app_ram_start__ = __vectors_ram_start__
 *(.vectors_ram .vectors_ram.*)
                0x0000000020000000                __vectors_ram_end__ = (__vectors_ram_start__ + SIZEOF (.vectors_ram))
                0x0000000000000000                __vectors_ram_size__ = SIZEOF (.vectors_ram)
                0x0000000020000000                __vectors_ram_load_end__ = __vectors_ram_end__
                0x0000000000000001                . = ASSERT (((__vectors_ram_start__ == __vectors_ram_end__) || ((__vectors_ram_end__ - __RAM_segment_start__) <= __RAM_segment_size__)), error: .vectors_ram is too large to fit in RAM memory segment)
                0x0000000020000000                __nrf_sections_run_load_start__ = ALIGN (__vectors_ram_end__, 0x4)

.nrf_sections_run
                0x0000000020000000        0x0
                0x0000000020000000                __nrf_sections_run_start__ = .
                0x0000000020000000                __start_nrf_sections_run = __nrf_sections_run_start__
 *(.nrf_sections_run .nrf_sections_run.*)
                0x0000000020000000                __nrf_sections_run_end__ = (__nrf_sections_run_start__ + SIZEOF (.nrf_sections_run))
                0x0000000000000000                __nrf_sections_run_size__ = SIZEOF (.nrf_sections_run)
                0x0000000020000000                __nrf_sections_run_load_end__ = __nrf_sections_run_end__
                0x0000000000000001                . = ASSERT (((__nrf_sections_run_start__ == __nrf_sections_run_end__) || ((__nrf_sections_run_end__ - __RAM_segment_start__) <= __RAM_segment_size__)), error: .nrf_sections_run is too large to fit in RAM memory segment)
                0x0000000000000000                __vectors_load_start__ = 0x0

.vectors        0x0000000000000000      0x200
                0x0000000000000000                __vectors_start__ = .
 *(.vectors .vectors.*)
 .vectors       0x0000000000000000      0x200 Output/bsp_pca10056 Release/Obj/ses_startup_nrf52840.o
                0x0000000000000000                _vectors
                0x0000000000000200                __vectors_end__ = (__vectors_start__ + SIZEOF (.vectors))
                0x0000000000000200                __vectors_size__ = SIZEOF (.vectors)
                0x0000000000000200                __vectors_load_end__ = __vectors_end__
                0x0000000000000001                . = ASSERT (((__vectors_start__ == __vectors_end__) || ((__vectors_end__ - __FLASH_segment_start__) <= __FLASH_segment_size__)), error: .vectors is too large to fit in FLASH memory segment)
                0x0000000000000200                __init_load_start__ = ALIGN (__vectors_end__, 0x4)

.init           0x0000000000000200      0x1d0
                0x0000000000000200                __init_start__ = .
 *(.init .init.*)
 .init          0x0000000000000200      0x15c Output/bsp_pca10056 Release/Obj/thumb_crt0.o
                0x0000000000000200                _start
                0x00000000000002b4                exit
 .init          0x000000000000035c       0x18 Output/bsp_pca10056 Release/Obj/ses_startup_nrf52840.o
                0x000000000000035c                NMI_Handler
                0x000000000000035e                HardFault_Handler
                0x0000000000000360                MemoryManagement_Handler
                0x0000000000000362                BusFault_Handler
                0x0000000000000364                UsageFault_Handler
                0x0000000000000366                SVC_Handler
                0x0000000000000368                DebugMon_Handler
                0x000000000000036a                PendSV_Handler
                0x000000000000036c                SysTick_Handler
                0x000000000000036e                PWM1_IRQHandler
                0x000000000000036e                RTC0_IRQHandler
                0x000000000000036e                POWER_CLOCK_IRQHandler
                0x000000000000036e                RADIO_IRQHandler
                0x000000000000036e                PDM_IRQHandler
                0x000000000000036e                TEMP_IRQHandler
                0x000000000000036e                QDEC_IRQHandler
                0x000000000000036e                TIMER3_IRQHandler
                0x000000000000036e                PWM3_IRQHandler
                0x000000000000036e                FPU_IRQHandler
                0x000000000000036e                USBD_IRQHandler
                0x000000000000036e                SPIM0_SPIS0_TWIM0_TWIS0_SPI0_TWI0_IRQHandler
                0x000000000000036e                QSPI_IRQHandler
                0x000000000000036e                TIMER4_IRQHandler
                0x000000000000036e                SWI2_EGU2_IRQHandler
                0x000000000000036e                I2S_IRQHandler
                0x000000000000036e                SWI4_EGU4_IRQHandler
                0x000000000000036e                TIMER0_IRQHandler
                0x000000000000036e                UARTE1_IRQHandler
                0x000000000000036e                Dummy_Handler
                0x000000000000036e                TIMER1_IRQHandler
                0x000000000000036e                SPIM3_IRQHandler
                0x000000000000036e                PWM2_IRQHandler
                0x000000000000036e                ECB_IRQHandler
                0x000000000000036e                SPIM1_SPIS1_TWIM1_TWIS1_SPI1_TWI1_IRQHandler
                0x000000000000036e                SAADC_IRQHandler
                0x000000000000036e                CCM_AAR_IRQHandler
                0x000000000000036e                WDT_IRQHandler
                0x000000000000036e                SWI0_EGU0_IRQHandler
                0x000000000000036e                SWI5_EGU5_IRQHandler
                0x000000000000036e                RNG_IRQHandler
                0x000000000000036e                RTC2_IRQHandler
                0x000000000000036e                PWM0_IRQHandler
                0x000000000000036e                SWI3_EGU3_IRQHandler
                0x000000000000036e                SWI1_EGU1_IRQHandler
                0x000000000000036e                SPIM2_SPIS2_SPI2_IRQHandler
                0x000000000000036e                NFCT_IRQHandler
                0x000000000000036e                CRYPTOCELL_IRQHandler
                0x000000000000036e                MWU_IRQHandler
                0x000000000000036e                TIMER2_IRQHandler
                0x000000000000036e                COMP_LPCOMP_IRQHandler
                0x0000000000000370                nRFInitialize
 .init          0x0000000000000374       0x5c Output/bsp_pca10056 Release/Obj/ses_startup_nrf_common.o
                0x0000000000000374                Reset_Handler
                0x0000000000000378                afterInitialize
                0x000000000000039c                InitializeUserMemorySections
                0x00000000000003d0                __init_end__ = (__init_start__ + SIZEOF (.init))
                0x00000000000001d0                __init_size__ = SIZEOF (.init)
                0x00000000000003d0                __init_load_end__ = __init_end__
                0x0000000000000001                . = ASSERT (((__init_start__ == __init_end__) || ((__init_end__ - __FLASH_segment_start__) <= __FLASH_segment_size__)), error: .init is too large to fit in FLASH memory segment)
                0x00000000000003d0                __init_rodata_load_start__ = ALIGN (__init_end__, 0x4)

.init_rodata    0x00000000000003d0        0x0
                0x00000000000003d0                __init_rodata_start__ = .
 *(.init_rodata .init_rodata.*)
                0x00000000000003d0                __init_rodata_end__ = (__init_rodata_start__ + SIZEOF (.init_rodata))
                0x0000000000000000                __init_rodata_size__ = SIZEOF (.init_rodata)
                0x00000000000003d0                __init_rodata_load_end__ = __init_rodata_end__
                0x0000000000000001                . = ASSERT (((__init_rodata_start__ == __init_rodata_end__) || ((__init_rodata_end__ - __FLASH_segment_start__) <= __FLASH_segment_size__)), error: .init_rodata is too large to fit in FLASH memory segment)
                0x00000000000003d0                __text_load_start__ = ALIGN (__init_rodata_end__, 0x4)

.text           0x00000000000003d0     0x2ecc
                0x00000000000003d0                __text_start__ = .
 *(.text .text.* .glue_7t .glue_7 .gnu.linkonce.t.* .gcc_except_table .ARM.extab* .gnu.linkonce.armextab.*)
 .glue_7        0x00000000000003d0        0x0 linker stubs
 .glue_7t       0x00000000000003d0        0x0 linker stubs
 .text.nrf_log_backend_rtt_flush
                0x00000000000003d0        0x2 Output/bsp_pca10056 Release/Obj/nrf_log_backend_rtt.o
 *fill*         0x00000000000003d2        0x2 
 .text.nrf_log_backend_rtt_put
                0x00000000000003d4       0x1c Output/bsp_pca10056 Release/Obj/nrf_log_backend_rtt.o
 .text.serial_tx
                0x00000000000003f0       0x50 Output/bsp_pca10056 Release/Obj/nrf_log_backend_rtt.o
 .text.nrf_log_backend_rtt_panic_set
                0x0000000000000440        0x2 Output/bsp_pca10056 Release/Obj/nrf_log_backend_rtt.o
 .text.nrf_log_backend_rtt_init
                0x0000000000000442        0x4 Output/bsp_pca10056 Release/Obj/nrf_log_backend_rtt.o
                0x0000000000000442                nrf_log_backend_rtt_init
 .text.nrf_log_backend_serial_put
                0x0000000000000446       0xc2 Output/bsp_pca10056 Release/Obj/nrf_log_backend_serial.o
                0x0000000000000446                nrf_log_backend_serial_put
 .text.nrf_log_default_backends_init
                0x0000000000000508       0x20 Output/bsp_pca10056 Release/Obj/nrf_log_default_backends.o
                0x0000000000000508                nrf_log_default_backends_init
 .text.invalid_packets_omit
                0x0000000000000528       0x3a Output/bsp_pca10056 Release/Obj/nrf_log_frontend.o
 *fill*         0x0000000000000562        0x2 
 .text.buf_prealloc
                0x0000000000000564      0x130 Output/bsp_pca10056 Release/Obj/nrf_log_frontend.o
 .text.nrf_log_init
                0x0000000000000694       0x3c Output/bsp_pca10056 Release/Obj/nrf_log_frontend.o
                0x0000000000000694                nrf_log_init
 .text.nrf_log_module_name_get
                0x00000000000006d0       0x38 Output/bsp_pca10056 Release/Obj/nrf_log_frontend.o
                0x00000000000006d0                nrf_log_module_name_get
 .text.nrf_log_color_id_get
                0x0000000000000708       0x2c Output/bsp_pca10056 Release/Obj/nrf_log_frontend.o
                0x0000000000000708                nrf_log_color_id_get
 .text.buffer_is_empty
                0x0000000000000734       0x14 Output/bsp_pca10056 Release/Obj/nrf_log_frontend.o
                0x0000000000000734                buffer_is_empty
 .text.nrf_log_frontend_dequeue
                0x0000000000000748      0x218 Output/bsp_pca10056 Release/Obj/nrf_log_frontend.o
                0x0000000000000748                nrf_log_frontend_dequeue
 .text.std_n    0x0000000000000960       0x98 Output/bsp_pca10056 Release/Obj/nrf_log_frontend.o
 .text.nrf_log_frontend_std_0
                0x00000000000009f8        0x8 Output/bsp_pca10056 Release/Obj/nrf_log_frontend.o
                0x00000000000009f8                nrf_log_frontend_std_0
 .text.nrf_log_backend_add
                0x0000000000000a00       0x44 Output/bsp_pca10056 Release/Obj/nrf_log_frontend.o
                0x0000000000000a00                nrf_log_backend_add
 .text.nrf_log_panic
                0x0000000000000a44       0x2c Output/bsp_pca10056 Release/Obj/nrf_log_frontend.o
                0x0000000000000a44                nrf_log_panic
 .text.postfix_process
                0x0000000000000a70       0x44 Output/bsp_pca10056 Release/Obj/nrf_log_str_formatter.o
 .text.prefix_process
                0x0000000000000ab4       0x7c Output/bsp_pca10056 Release/Obj/nrf_log_str_formatter.o
 .text.nrf_log_std_entry_process
                0x0000000000000b30       0xc8 Output/bsp_pca10056 Release/Obj/nrf_log_str_formatter.o
                0x0000000000000b30                nrf_log_std_entry_process
 .text.nrf_log_hexdump_entry_process
                0x0000000000000bf8       0xb8 Output/bsp_pca10056 Release/Obj/nrf_log_str_formatter.o
                0x0000000000000bf8                nrf_log_hexdump_entry_process
 .text.app_error_handler_bare
                0x0000000000000cb0       0x1a Output/bsp_pca10056 Release/Obj/app_error.o
                0x0000000000000cb0                app_error_handler_bare
 *fill*         0x0000000000000cca        0x2 
 .text.app_error_fault_handler
                0x0000000000000ccc       0x70 Output/bsp_pca10056 Release/Obj/app_error_weak.o
                0x0000000000000ccc                app_error_fault_handler
 .text.app_fifo_init
                0x0000000000000d3c       0x1e Output/bsp_pca10056 Release/Obj/app_fifo.o
                0x0000000000000d3c                app_fifo_init
 .text.app_fifo_put
                0x0000000000000d5a       0x24 Output/bsp_pca10056 Release/Obj/app_fifo.o
                0x0000000000000d5a                app_fifo_put
 .text.app_fifo_get
                0x0000000000000d7e       0x22 Output/bsp_pca10056 Release/Obj/app_fifo.o
                0x0000000000000d7e                app_fifo_get
 .text.app_fifo_flush
                0x0000000000000da0        0x8 Output/bsp_pca10056 Release/Obj/app_fifo.o
                0x0000000000000da0                app_fifo_flush
 .text.nrf_drv_uart_rx.constprop.0
                0x0000000000000da8       0x28 Output/bsp_pca10056 Release/Obj/app_uart_fifo.o
 .text.nrf_drv_uart_tx.constprop.0
                0x0000000000000dd0       0x28 Output/bsp_pca10056 Release/Obj/app_uart_fifo.o
 .text.uart_event_handler
                0x0000000000000df8       0x9c Output/bsp_pca10056 Release/Obj/app_uart_fifo.o
 .text.app_uart_init
                0x0000000000000e94       0xb0 Output/bsp_pca10056 Release/Obj/app_uart_fifo.o
                0x0000000000000e94                app_uart_init
 .text.app_uart_flush
                0x0000000000000f44       0x20 Output/bsp_pca10056 Release/Obj/app_uart_fifo.o
                0x0000000000000f44                app_uart_flush
 .text.app_uart_get
                0x0000000000000f64       0x2c Output/bsp_pca10056 Release/Obj/app_uart_fifo.o
                0x0000000000000f64                app_uart_get
 .text.app_uart_put
                0x0000000000000f90       0x50 Output/bsp_pca10056 Release/Obj/app_uart_fifo.o
                0x0000000000000f90                app_uart_put
 .text.app_util_disable_irq
                0x0000000000000fe0       0x10 Output/bsp_pca10056 Release/Obj/app_util_platform.o
                0x0000000000000fe0                app_util_disable_irq
 .text.app_util_enable_irq
                0x0000000000000ff0       0x14 Output/bsp_pca10056 Release/Obj/app_util_platform.o
                0x0000000000000ff0                app_util_enable_irq
 .text.app_util_critical_region_enter
                0x0000000000001004        0x4 Output/bsp_pca10056 Release/Obj/app_util_platform.o
                0x0000000000001004                app_util_critical_region_enter
 .text.app_util_critical_region_exit
                0x0000000000001008        0x4 Output/bsp_pca10056 Release/Obj/app_util_platform.o
                0x0000000000001008                app_util_critical_region_exit
 .text.RTC1_IRQHandler
                0x000000000000100c       0x14 Output/bsp_pca10056 Release/Obj/drv_rtc.o
                0x000000000000100c                RTC1_IRQHandler
 .text.nrf_atomic_u32_fetch_store
                0x0000000000001020       0x16 Output/bsp_pca10056 Release/Obj/nrf_atomic.o
                0x0000000000001020                nrf_atomic_u32_fetch_store
 .text.nrf_atomic_u32_or
                0x0000000000001036       0x18 Output/bsp_pca10056 Release/Obj/nrf_atomic.o
                0x0000000000001036                nrf_atomic_u32_or
 .text.nrf_atomic_u32_fetch_and
                0x000000000000104e       0x18 Output/bsp_pca10056 Release/Obj/nrf_atomic.o
                0x000000000000104e                nrf_atomic_u32_fetch_and
 .text.nrf_atomic_u32_add
                0x0000000000001066       0x18 Output/bsp_pca10056 Release/Obj/nrf_atomic.o
                0x0000000000001066                nrf_atomic_u32_add
 .text.nrf_atomic_u32_sub
                0x000000000000107e       0x18 Output/bsp_pca10056 Release/Obj/nrf_atomic.o
                0x000000000000107e                nrf_atomic_u32_sub
 .text.nrf_atomic_flag_set
                0x0000000000001096        0x6 Output/bsp_pca10056 Release/Obj/nrf_atomic.o
                0x0000000000001096                nrf_atomic_flag_set
 .text.nrf_atomic_flag_clear_fetch
                0x000000000000109c        0x6 Output/bsp_pca10056 Release/Obj/nrf_atomic.o
                0x000000000000109c                nrf_atomic_flag_clear_fetch
 .text.nrf_balloc_init
                0x00000000000010a2       0x2e Output/bsp_pca10056 Release/Obj/nrf_balloc.o
                0x00000000000010a2                nrf_balloc_init
 .text.nrf_balloc_alloc
                0x00000000000010d0       0x40 Output/bsp_pca10056 Release/Obj/nrf_balloc.o
                0x00000000000010d0                nrf_balloc_alloc
 .text.nrf_balloc_free
                0x0000000000001110       0x2a Output/bsp_pca10056 Release/Obj/nrf_balloc.o
                0x0000000000001110                nrf_balloc_free
 .text.nrf_fprintf_buffer_flush
                0x000000000000113a       0x16 Output/bsp_pca10056 Release/Obj/nrf_fprintf.o
                0x000000000000113a                nrf_fprintf_buffer_flush
 .text.nrf_fprintf
                0x0000000000001150       0x1c Output/bsp_pca10056 Release/Obj/nrf_fprintf.o
                0x0000000000001150                nrf_fprintf
 .text.buffer_add
                0x000000000000116c       0x1e Output/bsp_pca10056 Release/Obj/nrf_fprintf_format.o
 *fill*         0x000000000000118a        0x2 
 .text.unsigned_print
                0x000000000000118c       0xb4 Output/bsp_pca10056 Release/Obj/nrf_fprintf_format.o
 .text.nrf_fprintf_fmt
                0x0000000000001240      0x29c Output/bsp_pca10056 Release/Obj/nrf_fprintf_format.o
                0x0000000000001240                nrf_fprintf_fmt
 .text.memobj_op
                0x00000000000014dc       0x86 Output/bsp_pca10056 Release/Obj/nrf_memobj.o
 .text.nrf_memobj_pool_init
                0x0000000000001562        0x4 Output/bsp_pca10056 Release/Obj/nrf_memobj.o
                0x0000000000001562                nrf_memobj_pool_init
 .text.nrf_memobj_free
                0x0000000000001566       0x2c Output/bsp_pca10056 Release/Obj/nrf_memobj.o
                0x0000000000001566                nrf_memobj_free
 .text.nrf_memobj_alloc
                0x0000000000001592       0x5e Output/bsp_pca10056 Release/Obj/nrf_memobj.o
                0x0000000000001592                nrf_memobj_alloc
 .text.nrf_memobj_get
                0x00000000000015f0        0x8 Output/bsp_pca10056 Release/Obj/nrf_memobj.o
                0x00000000000015f0                nrf_memobj_get
 .text.nrf_memobj_put
                0x00000000000015f8       0x1e Output/bsp_pca10056 Release/Obj/nrf_memobj.o
                0x00000000000015f8                nrf_memobj_put
 .text.nrf_memobj_write
                0x0000000000001616       0x14 Output/bsp_pca10056 Release/Obj/nrf_memobj.o
                0x0000000000001616                nrf_memobj_write
 .text.nrf_memobj_read
                0x000000000000162a       0x14 Output/bsp_pca10056 Release/Obj/nrf_memobj.o
                0x000000000000162a                nrf_memobj_read
 .text.nrf_ringbuf_init
                0x000000000000163e       0x12 Output/bsp_pca10056 Release/Obj/nrf_ringbuf.o
                0x000000000000163e                nrf_ringbuf_init
 .text.uarte_evt_handler
                0x0000000000001650       0x34 Output/bsp_pca10056 Release/Obj/nrf_drv_uart.o
 .text.uart_evt_handler
                0x0000000000001684       0x34 Output/bsp_pca10056 Release/Obj/nrf_drv_uart.o
 .text.nrf_drv_uart_init
                0x00000000000016b8       0x7c Output/bsp_pca10056 Release/Obj/nrf_drv_uart.o
                0x00000000000016b8                nrf_drv_uart_init
 .text.nrf_gpiote_event_clear
                0x0000000000001734       0x18 Output/bsp_pca10056 Release/Obj/nrfx_gpiote.o
 .text.nrf_gpio_pin_port_decode
                0x000000000000174c       0x18 Output/bsp_pca10056 Release/Obj/nrfx_gpiote.o
 .text.nrf_gpio_cfg_sense_set
                0x0000000000001764       0x2e Output/bsp_pca10056 Release/Obj/nrfx_gpiote.o
 *fill*         0x0000000000001792        0x2 
 .text.GPIOTE_IRQHandler
                0x0000000000001794      0x1ac Output/bsp_pca10056 Release/Obj/nrfx_gpiote.o
                0x0000000000001794                GPIOTE_IRQHandler
 .text.UARTE0_UART0_IRQHandler
                0x0000000000001940        0xc Output/bsp_pca10056 Release/Obj/nrfx_prs.o
                0x0000000000001940                UARTE0_UART0_IRQHandler
 .text.nrfx_prs_acquire
                0x000000000000194c       0x38 Output/bsp_pca10056 Release/Obj/nrfx_prs.o
                0x000000000000194c                nrfx_prs_acquire
 .text.nrf_uart_event_clear
                0x0000000000001984       0x10 Output/bsp_pca10056 Release/Obj/nrfx_uart.o
 .text.tx_byte  0x0000000000001994       0x1e Output/bsp_pca10056 Release/Obj/nrfx_uart.o
 .text.rx_enable.isra.0
                0x00000000000019b2       0x20 Output/bsp_pca10056 Release/Obj/nrfx_uart.o
 .text.rx_byte  0x00000000000019d2       0x2c Output/bsp_pca10056 Release/Obj/nrfx_uart.o
 *fill*         0x00000000000019fe        0x2 
 .text.rx_done_event.constprop.0
                0x0000000000001a00       0x20 Output/bsp_pca10056 Release/Obj/nrfx_uart.o
 .text.nrfx_uart_0_irq_handler
                0x0000000000001a20      0x13c Output/bsp_pca10056 Release/Obj/nrfx_uart.o
                0x0000000000001a20                nrfx_uart_0_irq_handler
 .text.nrfx_uart_init
                0x0000000000001b5c      0x1ac Output/bsp_pca10056 Release/Obj/nrfx_uart.o
                0x0000000000001b5c                nrfx_uart_init
 .text.nrfx_uart_tx
                0x0000000000001d08       0x8c Output/bsp_pca10056 Release/Obj/nrfx_uart.o
                0x0000000000001d08                nrfx_uart_tx
 .text.nrfx_uart_tx_in_progress
                0x0000000000001d94       0x18 Output/bsp_pca10056 Release/Obj/nrfx_uart.o
                0x0000000000001d94                nrfx_uart_tx_in_progress
 .text.nrfx_uart_rx
                0x0000000000001dac       0xf0 Output/bsp_pca10056 Release/Obj/nrfx_uart.o
                0x0000000000001dac                nrfx_uart_rx
 .text.nrf_uarte_event_clear
                0x0000000000001e9c       0x10 Output/bsp_pca10056 Release/Obj/nrfx_uarte.o
 .text.rx_done_event.constprop.0
                0x0000000000001eac       0x20 Output/bsp_pca10056 Release/Obj/nrfx_uarte.o
 .text.nrfx_uarte_0_irq_handler
                0x0000000000001ecc      0x118 Output/bsp_pca10056 Release/Obj/nrfx_uarte.o
                0x0000000000001ecc                nrfx_uarte_0_irq_handler
 .text.nrfx_uarte_init
                0x0000000000001fe4      0x1c8 Output/bsp_pca10056 Release/Obj/nrfx_uarte.o
                0x0000000000001fe4                nrfx_uarte_init
 .text.nrfx_uarte_tx
                0x00000000000021ac       0x90 Output/bsp_pca10056 Release/Obj/nrfx_uarte.o
                0x00000000000021ac                nrfx_uarte_tx
 .text.nrfx_uarte_tx_in_progress
                0x000000000000223c       0x18 Output/bsp_pca10056 Release/Obj/nrfx_uarte.o
                0x000000000000223c                nrfx_uarte_tx_in_progress
 .text.nrfx_uarte_rx
                0x0000000000002254       0xd8 Output/bsp_pca10056 Release/Obj/nrfx_uarte.o
                0x0000000000002254                nrfx_uarte_rx
 .text.nrf_gpio_pin_clear
                0x000000000000232c       0x20 Output/bsp_pca10056 Release/Obj/main.o
 .text.nrf_delay_ms.part.0
                0x000000000000234c       0x1c Output/bsp_pca10056 Release/Obj/main.o
 .text.nrf_gpio_pin_set
                0x0000000000002368       0x20 Output/bsp_pca10056 Release/Obj/main.o
 .text.startup.main
                0x0000000000002388      0x390 Output/bsp_pca10056 Release/Obj/main.o
                0x0000000000002388                main
 .text.uart_event_handler
                0x0000000000002718       0x12 Output/bsp_pca10056 Release/Obj/fingerprint.o
                0x0000000000002718                uart_event_handler
 .text.Uart_Send_Data
                0x000000000000272a       0x10 Output/bsp_pca10056 Release/Obj/fingerprint.o
 .text.Send_Header
                0x000000000000273a       0x1e Output/bsp_pca10056 Release/Obj/fingerprint.o
 .text.Send_Length
                0x0000000000002758       0x14 Output/bsp_pca10056 Release/Obj/fingerprint.o
 .text.Send_Control
                0x000000000000276c       0x14 Output/bsp_pca10056 Release/Obj/fingerprint.o
 .text.Send_Data
                0x0000000000002780       0x60 Output/bsp_pca10056 Release/Obj/fingerprint.o
 .text.Send_Check
                0x00000000000027e0       0x14 Output/bsp_pca10056 Release/Obj/fingerprint.o
 .text.Uart_init
                0x00000000000027f4       0x5c Output/bsp_pca10056 Release/Obj/fingerprint.o
                0x00000000000027f4                Uart_init
 .text.uart_read_data
                0x0000000000002850       0x30 Output/bsp_pca10056 Release/Obj/fingerprint.o
                0x0000000000002850                uart_read_data
 .text.MY_data  0x0000000000002880       0x2c Output/bsp_pca10056 Release/Obj/fingerprint.o
                0x0000000000002880                MY_data
 .text.The_LED  0x00000000000028ac       0x30 Output/bsp_pca10056 Release/Obj/fingerprint.o
                0x00000000000028ac                The_LED
 .text.The_Finger_Detect
                0x00000000000028dc       0x2c Output/bsp_pca10056 Release/Obj/fingerprint.o
                0x00000000000028dc                The_Finger_Detect
 .text.The_Get_Image
                0x0000000000002908       0x2c Output/bsp_pca10056 Release/Obj/fingerprint.o
                0x0000000000002908                The_Get_Image
 .text.The_Ram_Buff
                0x0000000000002934       0x86 Output/bsp_pca10056 Release/Obj/fingerprint.o
                0x0000000000002934                The_Ram_Buff
 .text.The_Merge_Save
                0x00000000000029ba       0x82 Output/bsp_pca10056 Release/Obj/fingerprint.o
                0x00000000000029ba                The_Merge_Save
 .text.The_Char_Store
                0x0000000000002a3c       0x82 Output/bsp_pca10056 Release/Obj/fingerprint.o
                0x0000000000002a3c                The_Char_Store
 .text.The_Char_Store_1
                0x0000000000002abe       0x82 Output/bsp_pca10056 Release/Obj/fingerprint.o
                0x0000000000002abe                The_Char_Store_1
 .text.The_Verify_Contrast
                0x0000000000002b40       0x82 Output/bsp_pca10056 Release/Obj/fingerprint.o
                0x0000000000002b40                The_Verify_Contrast
 .text.The_Verify_Contrast_1
                0x0000000000002bc2        0x4 Output/bsp_pca10056 Release/Obj/fingerprint.o
                0x0000000000002bc2                The_Verify_Contrast_1
 .text.The_Search_Contrast
                0x0000000000002bc6       0x88 Output/bsp_pca10056 Release/Obj/fingerprint.o
                0x0000000000002bc6                The_Search_Contrast
 *fill*         0x0000000000002c4e        0x2 
 .text.The_Sending_Data
                0x0000000000002c50       0x3c Output/bsp_pca10056 Release/Obj/fingerprint.o
                0x0000000000002c50                The_Sending_Data
 .text.Sending_fingerprint
                0x0000000000002c8c       0x2c Output/bsp_pca10056 Release/Obj/fingerprint.o
                0x0000000000002c8c                Sending_fingerprint
 .text.add      0x0000000000002cb8        0x4 Output/bsp_pca10056 Release/Obj/fingerprint.o
                0x0000000000002cb8                add
 .text._GetAvailWriteSpace
                0x0000000000002cbc       0x1c Output/bsp_pca10056 Release/Obj/SEGGER_RTT.o
 .text._WriteNoCheck
                0x0000000000002cd8       0x38 Output/bsp_pca10056 Release/Obj/SEGGER_RTT.o
 .text._WriteBlocking
                0x0000000000002d10       0x52 Output/bsp_pca10056 Release/Obj/SEGGER_RTT.o
 *fill*         0x0000000000002d62        0x2 
 .text._DoInit  0x0000000000002d64       0x60 Output/bsp_pca10056 Release/Obj/SEGGER_RTT.o
 .text.SEGGER_RTT_ReadNoLock
                0x0000000000002dc4       0x90 Output/bsp_pca10056 Release/Obj/SEGGER_RTT.o
                0x0000000000002dc4                SEGGER_RTT_ReadNoLock
 .text.SEGGER_RTT_Read
                0x0000000000002e54       0x26 Output/bsp_pca10056 Release/Obj/SEGGER_RTT.o
                0x0000000000002e54                SEGGER_RTT_Read
 *fill*         0x0000000000002e7a        0x2 
 .text.SEGGER_RTT_WriteNoLock
                0x0000000000002e7c       0x68 Output/bsp_pca10056 Release/Obj/SEGGER_RTT.o
                0x0000000000002e7c                SEGGER_RTT_WriteNoLock
 .text.SEGGER_RTT_GetKey
                0x0000000000002ee4       0x20 Output/bsp_pca10056 Release/Obj/SEGGER_RTT.o
                0x0000000000002ee4                SEGGER_RTT_GetKey
 .text.SEGGER_RTT_WaitKey
                0x0000000000002f04        0xc Output/bsp_pca10056 Release/Obj/SEGGER_RTT.o
                0x0000000000002f04                SEGGER_RTT_WaitKey
 .text.SEGGER_RTT_Init
                0x0000000000002f10        0x4 Output/bsp_pca10056 Release/Obj/SEGGER_RTT.o
                0x0000000000002f10                SEGGER_RTT_Init
 .text.errata_98
                0x0000000000002f14       0x20 Output/bsp_pca10056 Release/Obj/system_nrf52840.o
 .text.SystemInit
                0x0000000000002f34      0x1b8 Output/bsp_pca10056 Release/Obj/system_nrf52840.o
                0x0000000000002f34                SystemInit
 .text.libc.__RAL_ascii_isctype
                0x00000000000030ec       0x1c C:/Program Files/SEGGER/SEGGER Embedded Studio for ARM 4.52c/lib/libc_v7em_fpv4_sp_d16_hard_t_le_eabi.a(libc2.o)
 .text.libc.__RAL_ascii_toupper
                0x0000000000003108        0xc C:/Program Files/SEGGER/SEGGER Embedded Studio for ARM 4.52c/lib/libc_v7em_fpv4_sp_d16_hard_t_le_eabi.a(libc2.o)
 .text.libc.__RAL_ascii_tolower
                0x0000000000003114        0xc C:/Program Files/SEGGER/SEGGER Embedded Studio for ARM 4.52c/lib/libc_v7em_fpv4_sp_d16_hard_t_le_eabi.a(libc2.o)
 .text.libc.__RAL_ascii_iswctype
                0x0000000000003120       0x1c C:/Program Files/SEGGER/SEGGER Embedded Studio for ARM 4.52c/lib/libc_v7em_fpv4_sp_d16_hard_t_le_eabi.a(libc2.o)
 .text.libc.__RAL_ascii_towupper
                0x000000000000313c        0xc C:/Program Files/SEGGER/SEGGER Embedded Studio for ARM 4.52c/lib/libc_v7em_fpv4_sp_d16_hard_t_le_eabi.a(libc2.o)
 .text.libc.__RAL_ascii_towlower
                0x0000000000003148        0xc C:/Program Files/SEGGER/SEGGER Embedded Studio for ARM 4.52c/lib/libc_v7em_fpv4_sp_d16_hard_t_le_eabi.a(libc2.o)
 .text.libc.__RAL_ascii_wctomb
                0x0000000000003154        0xe C:/Program Files/SEGGER/SEGGER Embedded Studio for ARM 4.52c/lib/libc_v7em_fpv4_sp_d16_hard_t_le_eabi.a(libc2.o)
                0x0000000000003154                __RAL_ascii_wctomb
 .text.libc.__RAL_ascii_mbtowc
                0x0000000000003162       0x24 C:/Program Files/SEGGER/SEGGER Embedded Studio for ARM 4.52c/lib/libc_v7em_fpv4_sp_d16_hard_t_le_eabi.a(libc2.o)
                0x0000000000003162                __RAL_ascii_mbtowc
 *fill*         0x0000000000003186        0x2 
 .text.libc.__RAL_isctype
                0x0000000000003188       0x14 C:/Program Files/SEGGER/SEGGER Embedded Studio for ARM 4.52c/lib/libc_v7em_fpv4_sp_d16_hard_t_le_eabi.a(libc2.o)
                0x0000000000003188                __RAL_isctype
 .text.libc.isprint
                0x000000000000319c        0xa C:/Program Files/SEGGER/SEGGER Embedded Studio for ARM 4.52c/lib/libc_v7em_fpv4_sp_d16_hard_t_le_eabi.a(libc2.o)
                0x000000000000319c                isprint
 .text.libc.memcpy
                0x00000000000031a6       0x52 C:/Program Files/SEGGER/SEGGER Embedded Studio for ARM 4.52c/lib/libc_v7em_fpv4_sp_d16_hard_t_le_eabi.a(libc2_asm.o)
                0x00000000000031a6                __aeabi_memcpy
                0x00000000000031a6                memcpy
                0x00000000000031b2                __aeabi_memcpy8
                0x00000000000031b2                __aeabi_memcpy4
 .text.libc.strcpy
                0x00000000000031f8       0x44 C:/Program Files/SEGGER/SEGGER Embedded Studio for ARM 4.52c/lib/libc_v7em_fpv4_sp_d16_hard_t_le_eabi.a(libc2_asm.o)
                0x00000000000031f8                strcpy
 .text.libc.strlen
                0x000000000000323c       0x60 C:/Program Files/SEGGER/SEGGER Embedded Studio for ARM 4.52c/lib/libc_v7em_fpv4_sp_d16_hard_t_le_eabi.a(libc2_asm.o)
                0x000000000000323c                strlen
                0x000000000000329c                __text_end__ = (__text_start__ + SIZEOF (.text))
                0x0000000000002ecc                __text_size__ = SIZEOF (.text)
                0x000000000000329c                __text_load_end__ = __text_end__

.vfp11_veneer   0x0000000100000000        0x0
 .vfp11_veneer  0x0000000100000000        0x0 linker stubs

.v4_bx          0x0000000100000000        0x0
 .v4_bx         0x0000000100000000        0x0 linker stubs

.iplt           0x0000000100000000        0x0
 .iplt          0x0000000100000000        0x0 Output/bsp_pca10056 Release/Obj/thumb_crt0.o
                0x0000000000000001                . = ASSERT (((__text_start__ == __text_end__) || ((__text_end__ - __FLASH_segment_start__) <= __FLASH_segment_size__)), error: .text is too large to fit in FLASH memory segment)
                0x000000000000329c                __log_const_data_load_start__ = ALIGN (__text_end__, 0x4)

.log_const_data
                0x000000000000329c       0x40
                0x000000000000329c                __log_const_data_start__ = .
                0x000000000000329c                __start_log_const_data = __log_const_data_start__
 *(SORT_BY_NAME(.log_const_data*))
 .log_const_data_GPIOTE
                0x000000000000329c        0x8 Output/bsp_pca10056 Release/Obj/nrfx_gpiote.o
                0x000000000000329c                m_nrf_log_GPIOTE_logs_data_const
 .log_const_data_PRS
                0x00000000000032a4        0x8 Output/bsp_pca10056 Release/Obj/nrfx_prs.o
                0x00000000000032a4                m_nrf_log_PRS_logs_data_const
 .log_const_data_UART
                0x00000000000032ac        0x8 Output/bsp_pca10056 Release/Obj/nrfx_uart.o
                0x00000000000032ac                m_nrf_log_UART_logs_data_const
 .log_const_data_UARTE
                0x00000000000032b4        0x8 Output/bsp_pca10056 Release/Obj/nrfx_uarte.o
                0x00000000000032b4                m_nrf_log_UARTE_logs_data_const
 .log_const_data_app
                0x00000000000032bc        0x8 Output/bsp_pca10056 Release/Obj/nrf_log_frontend.o
                0x00000000000032bc                m_nrf_log_app_logs_data_const
 .log_const_data_app_button
                0x00000000000032c4        0x8 Output/bsp_pca10056 Release/Obj/app_button.o
                0x00000000000032c4                m_nrf_log_app_button_logs_data_const
 .log_const_data_app_timer
                0x00000000000032cc        0x8 Output/bsp_pca10056 Release/Obj/app_timer2.o
                0x00000000000032cc                m_nrf_log_app_timer_logs_data_const
 .log_const_data_sortlist
                0x00000000000032d4        0x8 Output/bsp_pca10056 Release/Obj/nrf_sortlist.o
                0x00000000000032d4                m_nrf_log_sortlist_logs_data_const
                0x00000000000032dc                __log_const_data_end__ = (__log_const_data_start__ + SIZEOF (.log_const_data))
                0x0000000000000040                __log_const_data_size__ = SIZEOF (.log_const_data)
                0x00000000000032dc                __stop_log_const_data = __log_const_data_end__
                0x00000000000032dc                __log_const_data_load_end__ = __log_const_data_end__
                0x0000000000000001                . = ASSERT (((__log_const_data_start__ == __log_const_data_end__) || ((__log_const_data_end__ - __FLASH_segment_start__) <= __FLASH_segment_size__)), error: .log_const_data is too large to fit in FLASH memory segment)
                0x00000000000032dc                __log_backends_load_start__ = ALIGN (__log_const_data_end__, 0x4)

.log_backends   0x00000000000032dc       0x10
                0x00000000000032dc                __log_backends_start__ = .
                0x00000000000032dc                __start_log_backends = __log_backends_start__
 *(SORT_BY_NAME(.log_backends*))
 .log_backends  0x00000000000032dc       0x10 Output/bsp_pca10056 Release/Obj/nrf_log_default_backends.o
                0x00000000000032ec                __log_backends_end__ = (__log_backends_start__ + SIZEOF (.log_backends))
                0x0000000000000010                __log_backends_size__ = SIZEOF (.log_backends)
                0x00000000000032ec                __stop_log_backends = __log_backends_end__
                0x00000000000032ec                __log_backends_load_end__ = __log_backends_end__
                0x0000000000000001                . = ASSERT (((__log_backends_start__ == __log_backends_end__) || ((__log_backends_end__ - __FLASH_segment_start__) <= __FLASH_segment_size__)), error: .log_backends is too large to fit in FLASH memory segment)
                0x00000000000032ec                __nrf_balloc_load_start__ = ALIGN (__log_backends_end__, 0x4)

.nrf_balloc     0x00000000000032ec       0x14
                0x00000000000032ec                __nrf_balloc_start__ = .
                0x00000000000032ec                __start_nrf_balloc = __nrf_balloc_start__
 *(.nrf_balloc*)
 .nrf_balloc    0x00000000000032ec       0x14 Output/bsp_pca10056 Release/Obj/nrf_log_frontend.o
                0x00000000000032ec                log_mempool
                0x0000000000003300                __nrf_balloc_end__ = (__nrf_balloc_start__ + SIZEOF (.nrf_balloc))
                0x0000000000000014                __nrf_balloc_size__ = SIZEOF (.nrf_balloc)
                0x0000000000003300                __stop_nrf_balloc = __nrf_balloc_end__
                0x0000000000003300                __nrf_balloc_load_end__ = __nrf_balloc_end__
                0x0000000000000001                . = ASSERT (((__nrf_balloc_start__ == __nrf_balloc_end__) || ((__nrf_balloc_end__ - __FLASH_segment_start__) <= __FLASH_segment_size__)), error: .nrf_balloc is too large to fit in FLASH memory segment)
                0x0000000000003300                __nrf_sections_load_start__ = ALIGN (__nrf_balloc_end__, 0x4)

.nrf_sections   0x0000000000003300        0x0
                0x0000000000003300                __nrf_sections_start__ = .
                0x0000000000003300                __start_nrf_sections = __nrf_sections_start__
 *(.nrf_sections .nrf_sections.*)
                0x0000000000003300                __nrf_sections_end__ = (__nrf_sections_start__ + SIZEOF (.nrf_sections))
                0x0000000000000000                __nrf_sections_size__ = SIZEOF (.nrf_sections)
                0x0000000000003300                __nrf_sections_load_end__ = __nrf_sections_end__
                0x0000000000000001                . = ASSERT (((__nrf_sections_start__ == __nrf_sections_end__) || ((__nrf_sections_end__ - __FLASH_segment_start__) <= __FLASH_segment_size__)), error: .nrf_sections is too large to fit in FLASH memory segment)
                0x0000000000003300                __log_dynamic_data_load_start__ = ALIGN (__nrf_sections_end__, 0x4)

.log_dynamic_data
                0x0000000020000000        0x0 load address 0x0000000000003300
                0x0000000020000000                __log_dynamic_data_start__ = .
 *(SORT_BY_NAME(.log_dynamic_data*))
                0x0000000020000000                __log_dynamic_data_end__ = (__log_dynamic_data_start__ + SIZEOF (.log_dynamic_data))
                0x0000000000000000                __log_dynamic_data_size__ = SIZEOF (.log_dynamic_data)
                0x0000000000003300                __log_dynamic_data_load_end__ = (__log_dynamic_data_load_start__ + SIZEOF (.log_dynamic_data))
                0x0000000000000001                . = ASSERT (((__log_dynamic_data_load_start__ == __log_dynamic_data_load_end__) || ((__log_dynamic_data_load_end__ - __FLASH_segment_start__) <= __FLASH_segment_size__)), error: .log_dynamic_data is too large to fit in FLASH memory segment)

.log_dynamic_data_run
                0x0000000020000000        0x0
                0x0000000020000000                __log_dynamic_data_run_start__ = .
                0x0000000020000000                __start_log_dynamic_data = __log_dynamic_data_run_start__
                0x0000000020000000                . = MAX ((__log_dynamic_data_run_start__ + SIZEOF (.log_dynamic_data)), .)
                0x0000000020000000                __log_dynamic_data_run_end__ = (__log_dynamic_data_run_start__ + SIZEOF (.log_dynamic_data_run))
                0x0000000000000000                __log_dynamic_data_run_size__ = SIZEOF (.log_dynamic_data_run)
                0x0000000020000000                __stop_log_dynamic_data = __log_dynamic_data_run_end__
                0x0000000020000000                __log_dynamic_data_run_load_end__ = __log_dynamic_data_run_end__
                0x0000000000000001                . = ASSERT (((__log_dynamic_data_run_start__ == __log_dynamic_data_run_end__) || ((__log_dynamic_data_run_end__ - __RAM_segment_start__) <= __RAM_segment_size__)), error: .log_dynamic_data_run is too large to fit in RAM memory segment)
                0x0000000000003300                __log_filter_data_load_start__ = ALIGN ((__log_dynamic_data_load_start__ + SIZEOF (.log_dynamic_data)), 0x4)

.log_filter_data
                0x0000000020000000        0x0 load address 0x0000000000003300
                0x0000000020000000                __log_filter_data_start__ = .
 *(SORT_BY_NAME(.log_filter_data*))
                0x0000000020000000                __log_filter_data_end__ = (__log_filter_data_start__ + SIZEOF (.log_filter_data))
                0x0000000000000000                __log_filter_data_size__ = SIZEOF (.log_filter_data)
                0x0000000000003300                __log_filter_data_load_end__ = (__log_filter_data_load_start__ + SIZEOF (.log_filter_data))
                0x0000000000000001                . = ASSERT (((__log_filter_data_load_start__ == __log_filter_data_load_end__) || ((__log_filter_data_load_end__ - __FLASH_segment_start__) <= __FLASH_segment_size__)), error: .log_filter_data is too large to fit in FLASH memory segment)

.log_filter_data_run
                0x0000000020000000        0x0
                0x0000000020000000                __log_filter_data_run_start__ = .
                0x0000000020000000                __start_log_filter_data = __log_filter_data_run_start__
                0x0000000020000000                . = MAX ((__log_filter_data_run_start__ + SIZEOF (.log_filter_data)), .)
                0x0000000020000000                __log_filter_data_run_end__ = (__log_filter_data_run_start__ + SIZEOF (.log_filter_data_run))
                0x0000000000000000                __log_filter_data_run_size__ = SIZEOF (.log_filter_data_run)
                0x0000000020000000                __stop_log_filter_data = __log_filter_data_run_end__
                0x0000000020000000                __log_filter_data_run_load_end__ = __log_filter_data_run_end__
                0x0000000000000001                . = ASSERT (((__log_filter_data_run_start__ == __log_filter_data_run_end__) || ((__log_filter_data_run_end__ - __RAM_segment_start__) <= __RAM_segment_size__)), error: .log_filter_data_run is too large to fit in RAM memory segment)
                0x0000000020000000                __nrf_sections_run_end_load_start__ = ALIGN (__log_filter_data_run_end__, 0x4)

.nrf_sections_run_end
                0x0000000020000000        0x0
                0x0000000020000000                __nrf_sections_run_end_start__ = .
                0x0000000020000000                __end_nrf_sections_run = __nrf_sections_run_end_start__
 *(.nrf_sections_run_end .nrf_sections_run_end.*)
                0x0000000020000000                __nrf_sections_run_end_end__ = (__nrf_sections_run_end_start__ + SIZEOF (.nrf_sections_run_end))
                0x0000000000000000                __nrf_sections_run_end_size__ = SIZEOF (.nrf_sections_run_end)
                0x0000000020000000                __nrf_sections_run_end_load_end__ = __nrf_sections_run_end_end__
                0x0000000000000001                . = ASSERT (((__nrf_sections_run_end_start__ == __nrf_sections_run_end_end__) || ((__nrf_sections_run_end_end__ - __RAM_segment_start__) <= __RAM_segment_size__)), error: .nrf_sections_run_end is too large to fit in RAM memory segment)
                0x0000000000003300                __dtors_load_start__ = ALIGN ((__log_filter_data_load_start__ + SIZEOF (.log_filter_data)), 0x4)

.dtors          0x0000000000003300        0x0
                0x0000000000003300                __dtors_start__ = .
 *(SORT_BY_NAME(.dtors.*))
 *(.dtors)
 *(.fini_array)
 *(SORT_BY_NAME(.fini_array.*))
                0x0000000000003300                __dtors_end__ = (__dtors_start__ + SIZEOF (.dtors))
                0x0000000000000000                __dtors_size__ = SIZEOF (.dtors)
                0x0000000000003300                __dtors_load_end__ = __dtors_end__
                0x0000000000000001                . = ASSERT (((__dtors_start__ == __dtors_end__) || ((__dtors_end__ - __FLASH_segment_start__) <= __FLASH_segment_size__)), error: .dtors is too large to fit in FLASH memory segment)
                0x0000000000003300                __ctors_load_start__ = ALIGN (__dtors_end__, 0x4)

.ctors          0x0000000000003300        0x0
                0x0000000000003300                __ctors_start__ = .
 *(SORT_BY_NAME(.ctors.*))
 *(.ctors)
 *(.init_array)
 *(SORT_BY_NAME(.init_array.*))
                0x0000000000003300                __ctors_end__ = (__ctors_start__ + SIZEOF (.ctors))
                0x0000000000000000                __ctors_size__ = SIZEOF (.ctors)
                0x0000000000003300                __ctors_load_end__ = __ctors_end__
                0x0000000000000001                . = ASSERT (((__ctors_start__ == __ctors_end__) || ((__ctors_end__ - __FLASH_segment_start__) <= __FLASH_segment_size__)), error: .ctors is too large to fit in FLASH memory segment)
                0x0000000000003300                __rodata_load_start__ = ALIGN (__ctors_end__, 0x4)

.rodata         0x0000000000003300      0x652
                0x0000000000003300                __rodata_start__ = .
 *(.rodata .rodata.* .gnu.linkonce.r.*)
 .rodata.delay_machine_code.8470
                0x0000000000003300        0x6 Output/bsp_pca10056 Release/Obj/nrf_log_backend_rtt.o
 *fill*         0x0000000000003306        0x2 
 .rodata.nrf_log_backend_rtt_api
                0x0000000000003308        0xc Output/bsp_pca10056 Release/Obj/nrf_log_backend_rtt.o
                0x0000000000003308                nrf_log_backend_rtt_api
 .rodata.str1.1
                0x0000000000003314       0x10 Output/bsp_pca10056 Release/Obj/nrf_log_default_backends.o
 .rodata.nrf_log_frontend_dequeue.str1.1
                0x0000000000003324       0x11 Output/bsp_pca10056 Release/Obj/nrf_log_frontend.o
 .rodata.str1.1
                0x0000000000003335        0x4 Output/bsp_pca10056 Release/Obj/nrf_log_frontend.o
 *fill*         0x0000000000003339        0x3 
 .rodata.m_log_push_ringbuf
                0x000000000000333c        0xc Output/bsp_pca10056 Release/Obj/nrf_log_frontend.o
 .rodata.postfix_process.str1.1
                0x0000000000003348        0x8 Output/bsp_pca10056 Release/Obj/nrf_log_str_formatter.o
                                          0xb (size before relaxing)
 .rodata.prefix_process.str1.1
                0x0000000000003350       0x2a Output/bsp_pca10056 Release/Obj/nrf_log_str_formatter.o
 .rodata.nrf_log_hexdump_entry_process.str1.1
                0x000000000000337a        0xf Output/bsp_pca10056 Release/Obj/nrf_log_str_formatter.o
                                         0x11 (size before relaxing)
 .rodata.str1.1
                0x0000000000003389       0x4b Output/bsp_pca10056 Release/Obj/nrf_log_str_formatter.o
                                         0x51 (size before relaxing)
 .rodata.m_colors
                0x00000000000033d4       0x24 Output/bsp_pca10056 Release/Obj/nrf_log_str_formatter.o
 .rodata.severity_names
                0x00000000000033f8       0x14 Output/bsp_pca10056 Release/Obj/nrf_log_str_formatter.o
 .rodata.str1.1
                0x000000000000340c        0xb Output/bsp_pca10056 Release/Obj/app_button.o
 .rodata.app_error_fault_handler.str1.1
                0x0000000000003417       0x19 Output/bsp_pca10056 Release/Obj/app_error_weak.o
 .rodata.str1.1
                0x0000000000003430        0xa Output/bsp_pca10056 Release/Obj/app_timer2.o
 *fill*         0x000000000000343a        0x2 
 .rodata        0x000000000000343c       0x20 Output/bsp_pca10056 Release/Obj/app_uart_fifo.o
 .rodata._aV2C.7790
                0x000000000000345c       0x10 Output/bsp_pca10056 Release/Obj/nrf_fprintf_format.o
 .rodata.str1.1
                0x000000000000346c        0x9 Output/bsp_pca10056 Release/Obj/nrf_sortlist.o
 .rodata.str1.1
                0x0000000000003475        0x7 Output/bsp_pca10056 Release/Obj/nrfx_gpiote.o
 .rodata.str1.1
                0x000000000000347c        0x4 Output/bsp_pca10056 Release/Obj/nrfx_prs.o
 .rodata.str1.1
                0x0000000000003480        0x5 Output/bsp_pca10056 Release/Obj/nrfx_uart.o
 .rodata.str1.1
                0x0000000000003485        0x6 Output/bsp_pca10056 Release/Obj/nrfx_uarte.o
 .rodata.main.str1.1
                0x000000000000348b      0x254 Output/bsp_pca10056 Release/Obj/main.o
 *fill*         0x00000000000036df        0x1 
 .rodata.delay_machine_code.7862
                0x00000000000036e0        0x6 Output/bsp_pca10056 Release/Obj/main.o
 *fill*         0x00000000000036e6        0x2 
 .rodata        0x00000000000036e8       0x18 Output/bsp_pca10056 Release/Obj/fingerprint.o
 .rodata._DoInit.str1.1
                0x0000000000003700       0x14 Output/bsp_pca10056 Release/Obj/SEGGER_RTT.o
 .rodata.libc.__RAL_find_locale.str1.4
                0x0000000000003714        0xa C:/Program Files/SEGGER/SEGGER Embedded Studio for ARM 4.52c/lib/libc_v7em_fpv4_sp_d16_hard_t_le_eabi.a(libc2.o)
 *fill*         0x000000000000371e        0x2 
 .rodata.libc.__RAL_ascii_ctype_map
                0x0000000000003720       0x80 C:/Program Files/SEGGER/SEGGER Embedded Studio for ARM 4.52c/lib/libc_v7em_fpv4_sp_d16_hard_t_le_eabi.a(libc2.o)
                0x0000000000003720                __RAL_ascii_ctype_map
 .rodata.libc.__RAL_ascii_ctype_mask
                0x00000000000037a0        0xd C:/Program Files/SEGGER/SEGGER Embedded Studio for ARM 4.52c/lib/libc_v7em_fpv4_sp_d16_hard_t_le_eabi.a(libc2.o)
 *fill*         0x00000000000037ad        0x3 
 .rodata.libc.__RAL_c_locale
                0x00000000000037b0        0xc C:/Program Files/SEGGER/SEGGER Embedded Studio for ARM 4.52c/lib/libc_v7em_fpv4_sp_d16_hard_t_le_eabi.a(libc2.o)
                0x00000000000037b0                __RAL_c_locale
 .rodata.libc.__RAL_c_locale_abbrev_day_names
                0x00000000000037bc       0x1d C:/Program Files/SEGGER/SEGGER Embedded Studio for ARM 4.52c/lib/libc_v7em_fpv4_sp_d16_hard_t_le_eabi.a(libc2.o)
                0x00000000000037bc                __RAL_c_locale_abbrev_day_names
 *fill*         0x00000000000037d9        0x3 
 .rodata.libc.__RAL_c_locale_abbrev_month_names
                0x00000000000037dc       0x31 C:/Program Files/SEGGER/SEGGER Embedded Studio for ARM 4.52c/lib/libc_v7em_fpv4_sp_d16_hard_t_le_eabi.a(libc2.o)
                0x00000000000037dc                __RAL_c_locale_abbrev_month_names
 *fill*         0x000000000000380d        0x3 
 .rodata.libc.__RAL_c_locale_am_pm_indicator
                0x0000000000003810        0x7 C:/Program Files/SEGGER/SEGGER Embedded Studio for ARM 4.52c/lib/libc_v7em_fpv4_sp_d16_hard_t_le_eabi.a(libc2.o)
                0x0000000000003810                __RAL_c_locale_am_pm_indicator
 *fill*         0x0000000000003817        0x1 
 .rodata.libc.__RAL_c_locale_data
                0x0000000000003818       0x58 C:/Program Files/SEGGER/SEGGER Embedded Studio for ARM 4.52c/lib/libc_v7em_fpv4_sp_d16_hard_t_le_eabi.a(libc2.o)
                0x0000000000003818                __RAL_c_locale_data
 .rodata.libc.__RAL_c_locale_date_format
                0x0000000000003870        0x9 C:/Program Files/SEGGER/SEGGER Embedded Studio for ARM 4.52c/lib/libc_v7em_fpv4_sp_d16_hard_t_le_eabi.a(libc2.o)
                0x0000000000003870                __RAL_c_locale_date_format
 *fill*         0x0000000000003879        0x3 
 .rodata.libc.__RAL_c_locale_date_time_format
                0x000000000000387c        0xf C:/Program Files/SEGGER/SEGGER Embedded Studio for ARM 4.52c/lib/libc_v7em_fpv4_sp_d16_hard_t_le_eabi.a(libc2.o)
                0x000000000000387c                __RAL_c_locale_date_time_format
 *fill*         0x000000000000388b        0x1 
 .rodata.libc.__RAL_c_locale_day_names
                0x000000000000388c       0x3a C:/Program Files/SEGGER/SEGGER Embedded Studio for ARM 4.52c/lib/libc_v7em_fpv4_sp_d16_hard_t_le_eabi.a(libc2.o)
                0x000000000000388c                __RAL_c_locale_day_names
 *fill*         0x00000000000038c6        0x2 
 .rodata.libc.__RAL_c_locale_month_names
                0x00000000000038c8       0x57 C:/Program Files/SEGGER/SEGGER Embedded Studio for ARM 4.52c/lib/libc_v7em_fpv4_sp_d16_hard_t_le_eabi.a(libc2.o)
                0x00000000000038c8                __RAL_c_locale_month_names
 *fill*         0x000000000000391f        0x1 
 .rodata.libc.__RAL_c_locale_time_format
                0x0000000000003920        0x9 C:/Program Files/SEGGER/SEGGER Embedded Studio for ARM 4.52c/lib/libc_v7em_fpv4_sp_d16_hard_t_le_eabi.a(libc2.o)
                0x0000000000003920                __RAL_c_locale_time_format
 *fill*         0x0000000000003929        0x3 
 .rodata.libc.__RAL_codeset_ascii
                0x000000000000392c       0x20 C:/Program Files/SEGGER/SEGGER Embedded Studio for ARM 4.52c/lib/libc_v7em_fpv4_sp_d16_hard_t_le_eabi.a(libc2.o)
                0x000000000000392c                __RAL_codeset_ascii
 .rodata.libc.__RAL_data_empty_string
                0x000000000000394c        0x1 C:/Program Files/SEGGER/SEGGER Embedded Studio for ARM 4.52c/lib/libc_v7em_fpv4_sp_d16_hard_t_le_eabi.a(libc2.o)
                0x000000000000394c                __RAL_data_empty_string
 *fill*         0x000000000000394d        0x3 
 .rodata.libc.__RAL_data_utf8_period
                0x0000000000003950        0x2 C:/Program Files/SEGGER/SEGGER Embedded Studio for ARM 4.52c/lib/libc_v7em_fpv4_sp_d16_hard_t_le_eabi.a(libc2.o)
                0x0000000000003950                __RAL_data_utf8_period
                0x0000000000003952                __rodata_end__ = (__rodata_start__ + SIZEOF (.rodata))
                0x0000000000000652                __rodata_size__ = SIZEOF (.rodata)
                0x0000000000003952                __rodata_load_end__ = __rodata_end__

.rel.dyn        0x0000000000003954        0x0
 .rel.iplt      0x0000000000003954        0x0 Output/bsp_pca10056 Release/Obj/thumb_crt0.o
                0x0000000000000001                . = ASSERT (((__rodata_start__ == __rodata_end__) || ((__rodata_end__ - __FLASH_segment_start__) <= __FLASH_segment_size__)), error: .rodata is too large to fit in FLASH memory segment)
                0x0000000000003954                __ARM.exidx_load_start__ = ALIGN (__rodata_end__, 0x4)

.ARM.exidx      0x0000000000003954        0x0
                0x0000000000003954                __ARM.exidx_start__ = .
                0x0000000000003954                __exidx_start = __ARM.exidx_start__
 *(.ARM.exidx .ARM.exidx.*)
                0x0000000000003954                __ARM.exidx_end__ = (__ARM.exidx_start__ + SIZEOF (.ARM.exidx))
                0x0000000000000000                __ARM.exidx_size__ = SIZEOF (.ARM.exidx)
                0x0000000000003954                __exidx_end = __ARM.exidx_end__
                0x0000000000003954                __ARM.exidx_load_end__ = __ARM.exidx_end__
                0x0000000000000001                . = ASSERT (((__ARM.exidx_start__ == __ARM.exidx_end__) || ((__ARM.exidx_end__ - __FLASH_segment_start__) <= __FLASH_segment_size__)), error: .ARM.exidx is too large to fit in FLASH memory segment)
                0x0000000000003954                __fast_load_start__ = ALIGN (__ARM.exidx_end__, 0x4)

.fast           0x0000000020000000        0x0 load address 0x0000000000003954
                0x0000000020000000                __fast_start__ = .
 *(.fast .fast.*)
                0x0000000020000000                __fast_end__ = (__fast_start__ + SIZEOF (.fast))
                0x0000000000000000                __fast_size__ = SIZEOF (.fast)
                0x0000000000003954                __fast_load_end__ = (__fast_load_start__ + SIZEOF (.fast))
                0x0000000000000001                . = ASSERT (((__fast_load_start__ == __fast_load_end__) || ((__fast_load_end__ - __FLASH_segment_start__) <= __FLASH_segment_size__)), error: .fast is too large to fit in FLASH memory segment)

.fast_run       0x0000000020000000        0x0
                0x0000000020000000                __fast_run_start__ = .
                0x0000000020000000                . = MAX ((__fast_run_start__ + SIZEOF (.fast)), .)
                0x0000000020000000                __fast_run_end__ = (__fast_run_start__ + SIZEOF (.fast_run))
                0x0000000000000000                __fast_run_size__ = SIZEOF (.fast_run)
                0x0000000020000000                __fast_run_load_end__ = __fast_run_end__
                0x0000000000000001                . = ASSERT (((__fast_run_start__ == __fast_run_end__) || ((__fast_run_end__ - __RAM_segment_start__) <= __RAM_segment_size__)), error: .fast_run is too large to fit in RAM memory segment)
                0x0000000000003954                __data_load_start__ = ALIGN ((__fast_load_start__ + SIZEOF (.fast)), 0x4)

.data           0x0000000020000000      0x138 load address 0x0000000000003954
                0x0000000020000000                __data_start__ = .
 *(.data .data.* .gnu.linkonce.d.*)
 .data.log_backend_cb_rtt_log_backend
                0x0000000020000000        0x8 Output/bsp_pca10056 Release/Obj/nrf_log_default_backends.o
 .data.app_uart_inst
                0x0000000020000008       0x14 Output/bsp_pca10056 Release/Obj/app_uart_fifo.o
 .data.Contrast_GD
                0x000000002000001c       0x34 Output/bsp_pca10056 Release/Obj/fingerprint.o
                0x000000002000001c                Contrast_GD
 .data.Contrast_GD_1
                0x0000000020000050       0x34 Output/bsp_pca10056 Release/Obj/fingerprint.o
                0x0000000020000050                Contrast_GD_1
 .data.Dectect_GD
                0x0000000020000084       0x34 Output/bsp_pca10056 Release/Obj/fingerprint.o
                0x0000000020000084                Dectect_GD
 .data.Get_Image_GD
                0x00000000200000b8       0x34 Output/bsp_pca10056 Release/Obj/fingerprint.o
                0x00000000200000b8                Get_Image_GD
 .data.Search_GD
                0x00000000200000ec       0x34 Output/bsp_pca10056 Release/Obj/fingerprint.o
                0x00000000200000ec                Search_GD
 .data.SystemCoreClock
                0x0000000020000120        0x4 Output/bsp_pca10056 Release/Obj/system_nrf52840.o
                0x0000000020000120                SystemCoreClock
 .data.libc.__RAL_global_locale
                0x0000000020000124       0x14 C:/Program Files/SEGGER/SEGGER Embedded Studio for ARM 4.52c/lib/libc_v7em_fpv4_sp_d16_hard_t_le_eabi.a(libc2.o)
                0x0000000020000124                __RAL_global_locale
                0x0000000020000138                __data_end__ = (__data_start__ + SIZEOF (.data))
                0x0000000000000138                __data_size__ = SIZEOF (.data)
                0x0000000000003a8c                __data_load_end__ = (__data_load_start__ + SIZEOF (.data))

.igot.plt       0x0000000100000000        0x0
 .igot.plt      0x0000000100000000        0x0 Output/bsp_pca10056 Release/Obj/thumb_crt0.o
                0x0000000000000001                . = ASSERT (((__data_load_start__ == __data_load_end__) || ((__data_load_end__ - __FLASH_segment_start__) <= __FLASH_segment_size__)), error: .data is too large to fit in FLASH memory segment)

.data_run       0x0000000020000000      0x138 load address 0x0000000000003954
                0x0000000020000000                __data_run_start__ = .
                0x0000000020000138                . = MAX ((__data_run_start__ + SIZEOF (.data)), .)
 *fill*         0x0000000020000000      0x138 
                0x0000000020000138                __data_run_end__ = (__data_run_start__ + SIZEOF (.data_run))
                0x0000000000000138                __data_run_size__ = SIZEOF (.data_run)
                0x0000000020000138                __data_run_load_end__ = __data_run_end__
                0x0000000000000001                . = ASSERT (((__data_run_start__ == __data_run_end__) || ((__data_run_end__ - __RAM_segment_start__) <= __RAM_segment_size__)), error: .data_run is too large to fit in RAM memory segment)
                0x0000000000003a8c                __tdata_load_start__ = ALIGN ((__data_load_start__ + SIZEOF (.data)), 0x4)

.tdata          0x0000000020000138        0x0 load address 0x0000000000003a8c
                0x0000000020000138                __tdata_start__ = .
 *(.tdata .tdata.*)
                0x0000000020000138                __tdata_end__ = (__tdata_start__ + SIZEOF (.tdata))
                0x0000000000000000                __tdata_size__ = SIZEOF (.tdata)
                0x0000000000003a8c                __tdata_load_end__ = (__tdata_load_start__ + SIZEOF (.tdata))
                0x0000000000003a8c                __FLASH_segment_used_end__ = (ALIGN ((__data_load_start__ + SIZEOF (.data)), 0x4) + SIZEOF (.tdata))
                0x0000000000003a8c                __FLASH_segment_used_size__ = (__FLASH_segment_used_end__ - __FLASH_segment_start__)
                0x0000000000000001                . = ASSERT (((__tdata_load_start__ == __tdata_load_end__) || ((__tdata_load_end__ - __FLASH_segment_start__) <= __FLASH_segment_size__)), error: .tdata is too large to fit in FLASH memory segment)

.tdata_run      0x0000000020000138        0x0
                0x0000000020000138                __tdata_run_start__ = .
                0x0000000020000138                . = MAX ((__tdata_run_start__ + SIZEOF (.tdata)), .)
                0x0000000020000138                __tdata_run_end__ = (__tdata_run_start__ + SIZEOF (.tdata_run))
                0x0000000000000000                __tdata_run_size__ = SIZEOF (.tdata_run)
                0x0000000020000138                __tdata_run_load_end__ = __tdata_run_end__
                0x0000000000000001                . = ASSERT (((__tdata_run_start__ == __tdata_run_end__) || ((__tdata_run_end__ - __RAM_segment_start__) <= __RAM_segment_size__)), error: .tdata_run is too large to fit in RAM memory segment)
                0x0000000020000138                __bss_load_start__ = ALIGN (__tdata_run_end__, 0x4)

.bss            0x0000000020000138      0xa3c
                0x0000000020000138                __bss_start__ = .
 *(.bss .bss.* .gnu.linkonce.b.*)
 .bss.m_host_present
                0x0000000020000138        0x1 Output/bsp_pca10056 Release/Obj/nrf_log_backend_rtt.o
 .bss.m_string_buff
                0x0000000020000139       0x40 Output/bsp_pca10056 Release/Obj/nrf_log_backend_rtt.o
 *fill*         0x0000000020000179        0x3 
 .bss.log_mempool_nrf_balloc_cb
                0x000000002000017c        0x8 Output/bsp_pca10056 Release/Obj/nrf_log_frontend.o
 .bss.log_mempool_nrf_balloc_pool_mem
                0x0000000020000184       0xc0 Output/bsp_pca10056 Release/Obj/nrf_log_frontend.o
 .bss.log_mempool_nrf_balloc_pool_stack
                0x0000000020000244        0x8 Output/bsp_pca10056 Release/Obj/nrf_log_frontend.o
 .bss.m_log_data
                0x000000002000024c      0x424 Output/bsp_pca10056 Release/Obj/nrf_log_frontend.o
 .bss.m_log_push_ringbuf_buf
                0x0000000020000670       0x80 Output/bsp_pca10056 Release/Obj/nrf_log_frontend.o
 .bss.m_log_push_ringbuf_cb
                0x00000000200006f0       0x18 Output/bsp_pca10056 Release/Obj/nrf_log_frontend.o
 .bss.m_event_handler
                0x0000000020000708        0x4 Output/bsp_pca10056 Release/Obj/app_uart_fifo.o
 .bss.m_rx_fifo
                0x000000002000070c       0x10 Output/bsp_pca10056 Release/Obj/app_uart_fifo.o
 .bss.m_rx_ovf  0x000000002000071c        0x1 Output/bsp_pca10056 Release/Obj/app_uart_fifo.o
 *fill*         0x000000002000071d        0x3 
 .bss.m_tx_fifo
                0x0000000020000720       0x10 Output/bsp_pca10056 Release/Obj/app_uart_fifo.o
 .bss.rx_buffer
                0x0000000020000730        0x1 Output/bsp_pca10056 Release/Obj/app_uart_fifo.o
 .bss.tx_buffer
                0x0000000020000731        0x1 Output/bsp_pca10056 Release/Obj/app_uart_fifo.o
 *fill*         0x0000000020000732        0x2 
 .bss.m_in_critical_region
                0x0000000020000734        0x4 Output/bsp_pca10056 Release/Obj/app_util_platform.o
 .bss.m_cb      0x0000000020000738        0x8 Output/bsp_pca10056 Release/Obj/drv_rtc.o
 .bss.m_handlers
                0x0000000020000740        0x4 Output/bsp_pca10056 Release/Obj/drv_rtc.o
 .bss.m_contexts
                0x0000000020000744        0x8 Output/bsp_pca10056 Release/Obj/nrf_drv_uart.o
 .bss.m_handlers
                0x000000002000074c        0x8 Output/bsp_pca10056 Release/Obj/nrf_drv_uart.o
 .bss.nrf_drv_uart_use_easy_dma
                0x0000000020000754        0x2 Output/bsp_pca10056 Release/Obj/nrf_drv_uart.o
                0x0000000020000754                nrf_drv_uart_use_easy_dma
 *fill*         0x0000000020000756        0x2 
 .bss.m_cb      0x0000000020000758       0x6c Output/bsp_pca10056 Release/Obj/nrfx_gpiote.o
 .bss.m_prs_box_4
                0x00000000200007c4        0x8 Output/bsp_pca10056 Release/Obj/nrfx_prs.o
 .bss.m_cb      0x00000000200007cc       0x2c Output/bsp_pca10056 Release/Obj/nrfx_uart.o
 .bss.m_cb      0x00000000200007f8       0x24 Output/bsp_pca10056 Release/Obj/nrfx_uarte.o
 .bss.get_buff  0x000000002000081c       0x34 Output/bsp_pca10056 Release/Obj/fingerprint.o
                0x000000002000081c                get_buff
 .bss.m_received_data
                0x0000000020000850       0x1a Output/bsp_pca10056 Release/Obj/fingerprint.o
 .bss.rx_buf.8543
                0x000000002000086a       0x40 Output/bsp_pca10056 Release/Obj/fingerprint.o
 .bss.tx_buf.8544
                0x00000000200008aa       0x40 Output/bsp_pca10056 Release/Obj/fingerprint.o
 *fill*         0x00000000200008ea        0x2 
 .bss._SEGGER_RTT
                0x00000000200008ec       0x78 Output/bsp_pca10056 Release/Obj/SEGGER_RTT.o
                0x00000000200008ec                _SEGGER_RTT
 .bss._acDownBuffer
                0x0000000020000964       0x10 Output/bsp_pca10056 Release/Obj/SEGGER_RTT.o
 .bss._acUpBuffer
                0x0000000020000974      0x200 Output/bsp_pca10056 Release/Obj/SEGGER_RTT.o
 *(COMMON)
                0x0000000020000b74                __bss_end__ = (__bss_start__ + SIZEOF (.bss))
                0x0000000000000a3c                __bss_size__ = SIZEOF (.bss)
                0x0000000020000b74                __bss_load_end__ = __bss_end__
                0x0000000000000001                . = ASSERT (((__bss_start__ == __bss_end__) || ((__bss_end__ - __RAM_segment_start__) <= __RAM_segment_size__)), error: .bss is too large to fit in RAM memory segment)
                0x0000000020000b74                __tbss_load_start__ = ALIGN (__bss_end__, 0x4)

.tbss           0x0000000020000b74        0x0
                0x0000000020000b74                __tbss_start__ = .
 *(.tbss .tbss.*)
                0x0000000020000b74                __tbss_end__ = (__tbss_start__ + SIZEOF (.tbss))
                0x0000000000000000                __tbss_size__ = SIZEOF (.tbss)
                0x0000000020000b74                __tbss_load_end__ = __tbss_end__
                0x0000000000000001                . = ASSERT (((__tbss_start__ == __tbss_end__) || ((__tbss_end__ - __RAM_segment_start__) <= __RAM_segment_size__)), error: .tbss is too large to fit in RAM memory segment)
                0x0000000020000b74                __non_init_load_start__ = ALIGN (__tbss_end__, 0x4)

.non_init       0x0000000020000b74        0x0
                0x0000000020000b74                __non_init_start__ = .
 *(.non_init .non_init.*)
                0x0000000020000b74                __non_init_end__ = (__non_init_start__ + SIZEOF (.non_init))
                0x0000000000000000                __non_init_size__ = SIZEOF (.non_init)
                0x0000000020000b74                __non_init_load_end__ = __non_init_end__
                0x0000000000000001                . = ASSERT (((__non_init_start__ == __non_init_end__) || ((__non_init_end__ - __RAM_segment_start__) <= __RAM_segment_size__)), error: .non_init is too large to fit in RAM memory segment)
                0x0000000020000b74                __heap_load_start__ = ALIGN (__non_init_end__, 0x4)

.heap           0x0000000020000b74     0x2000
                0x0000000020000b74                __heap_start__ = .
 *(.heap .heap.*)
                0x0000000020002b74                . = ALIGN (MAX ((__heap_start__ + __HEAPSIZE__), .), 0x4)
 *fill*         0x0000000020000b74     0x2000 
                0x0000000020002b74                __heap_end__ = (__heap_start__ + SIZEOF (.heap))
                0x0000000000002000                __heap_size__ = SIZEOF (.heap)
                0x0000000020002b74                __heap_load_end__ = __heap_end__
                0x0000000000000001                . = ASSERT (((__heap_start__ == __heap_end__) || ((__heap_end__ - __RAM_segment_start__) <= __RAM_segment_size__)), error: .heap is too large to fit in RAM memory segment)
                0x000000002003e000                __stack_load_start__ = (__RAM_segment_start__ + (__RAM_segment_size__ - 0x2000))

.stack          0x000000002003e000     0x2000
                0x000000002003e000                __stack_start__ = .
                0x000000002003e000                __StackLimit = __stack_start__
 *(.stack .stack.*)
                0x0000000020040000                . = ALIGN (MAX ((__stack_start__ + __STACKSIZE__), .), 0x8)
 *fill*         0x000000002003e000     0x2000 
                0x0000000020040000                __stack_end__ = (__stack_start__ + SIZEOF (.stack))
                0x0000000000002000                __stack_size__ = SIZEOF (.stack)
                0x0000000020040000                __StackTop = __stack_end__
                0x0000000020040000                __stack_load_end__ = __stack_end__
                0x0000000000000001                . = ASSERT (((__stack_start__ == __stack_end__) || ((__stack_end__ - __RAM_segment_start__) <= __RAM_segment_size__)), error: .stack is too large to fit in RAM memory segment)
                0x0000000000000001                . = ASSERT ((__heap_end__ <= __stack_start__), error: section .heap overlaps absolute placed section .stack)
                0x0000000020040000                __stack_process_load_start__ = ALIGN (__stack_end__, 0x8)

.stack_process  0x0000000020040000        0x0
                0x0000000020040000                __stack_process_start__ = .
 *(.stack_process .stack_process.*)
                0x0000000020040000                . = ALIGN (MAX ((__stack_process_start__ + __STACKSIZE_PROCESS__), .), 0x8)
                0x0000000020040000                __stack_process_end__ = (__stack_process_start__ + SIZEOF (.stack_process))
                0x0000000000000000                __stack_process_size__ = SIZEOF (.stack_process)
                0x0000000020040000                __stack_process_load_end__ = __stack_process_end__
                0x0000000020040000                __RAM_segment_used_end__ = (ALIGN (__stack_end__, 0x8) + SIZEOF (.stack_process))
                0x0000000000040000                __RAM_segment_used_size__ = (__RAM_segment_used_end__ - __RAM_segment_start__)
                0x0000000000000001                . = ASSERT (((__stack_process_start__ == __stack_process_end__) || ((__stack_process_end__ - __RAM_segment_start__) <= __RAM_segment_size__)), error: .stack_process is too large to fit in RAM memory segment)
START GROUP
LOAD Output/bsp_pca10056 Release/Obj/thumb_crt0.o
LOAD Output/bsp_pca10056 Release/Obj/nrf_log_backend_rtt.o
LOAD Output/bsp_pca10056 Release/Obj/nrf_log_backend_serial.o
LOAD Output/bsp_pca10056 Release/Obj/nrf_log_backend_uart.o
LOAD Output/bsp_pca10056 Release/Obj/nrf_log_default_backends.o
LOAD Output/bsp_pca10056 Release/Obj/nrf_log_frontend.o
LOAD Output/bsp_pca10056 Release/Obj/nrf_log_str_formatter.o
LOAD Output/bsp_pca10056 Release/Obj/boards.o
LOAD Output/bsp_pca10056 Release/Obj/app_button.o
LOAD Output/bsp_pca10056 Release/Obj/app_error.o
LOAD Output/bsp_pca10056 Release/Obj/app_error_handler_gcc.o
LOAD Output/bsp_pca10056 Release/Obj/app_error_weak.o
LOAD Output/bsp_pca10056 Release/Obj/app_fifo.o
LOAD Output/bsp_pca10056 Release/Obj/app_scheduler.o
LOAD Output/bsp_pca10056 Release/Obj/app_timer2.o
LOAD Output/bsp_pca10056 Release/Obj/app_uart_fifo.o
LOAD Output/bsp_pca10056 Release/Obj/app_util_platform.o
LOAD Output/bsp_pca10056 Release/Obj/drv_rtc.o
LOAD Output/bsp_pca10056 Release/Obj/nrf_assert.o
LOAD Output/bsp_pca10056 Release/Obj/nrf_atfifo.o
LOAD Output/bsp_pca10056 Release/Obj/nrf_atomic.o
LOAD Output/bsp_pca10056 Release/Obj/nrf_balloc.o
LOAD Output/bsp_pca10056 Release/Obj/nrf_fprintf.o
LOAD Output/bsp_pca10056 Release/Obj/nrf_fprintf_format.o
LOAD Output/bsp_pca10056 Release/Obj/nrf_memobj.o
LOAD Output/bsp_pca10056 Release/Obj/nrf_ringbuf.o
LOAD Output/bsp_pca10056 Release/Obj/nrf_sortlist.o
LOAD Output/bsp_pca10056 Release/Obj/nrf_strerror.o
LOAD Output/bsp_pca10056 Release/Obj/retarget.o
LOAD Output/bsp_pca10056 Release/Obj/nrf_drv_uart.o
LOAD Output/bsp_pca10056 Release/Obj/nrfx_atomic.o
LOAD Output/bsp_pca10056 Release/Obj/nrfx_gpiote.o
LOAD Output/bsp_pca10056 Release/Obj/nrfx_prs.o
LOAD Output/bsp_pca10056 Release/Obj/nrfx_uart.o
LOAD Output/bsp_pca10056 Release/Obj/nrfx_uarte.o
LOAD Output/bsp_pca10056 Release/Obj/bsp.o
LOAD Output/bsp_pca10056 Release/Obj/main.o
LOAD Output/bsp_pca10056 Release/Obj/fingerprint.o
LOAD Output/bsp_pca10056 Release/Obj/SEGGER_RTT.o
LOAD Output/bsp_pca10056 Release/Obj/SEGGER_RTT_Syscalls_SES.o
LOAD Output/bsp_pca10056 Release/Obj/SEGGER_RTT_printf.o
LOAD Output/bsp_pca10056 Release/Obj/ses_startup_nrf52840.o
LOAD Output/bsp_pca10056 Release/Obj/ses_startup_nrf_common.o
LOAD Output/bsp_pca10056 Release/Obj/system_nrf52840.o
LOAD C:/Program Files/SEGGER/SEGGER Embedded Studio for ARM 4.52c/lib/libdebugio_mempoll_v7em_fpv4_sp_d16_hard_t_le_eabi.a
LOAD C:/Program Files/SEGGER/SEGGER Embedded Studio for ARM 4.52c/lib/libm_v7em_fpv4_sp_d16_hard_t_le_eabi.a
LOAD C:/Program Files/SEGGER/SEGGER Embedded Studio for ARM 4.52c/lib/libc_v7em_fpv4_sp_d16_hard_t_le_eabi.a
LOAD C:/Program Files/SEGGER/SEGGER Embedded Studio for ARM 4.52c/lib/libcpp_v7em_fpv4_sp_d16_hard_t_le_eabi.a
LOAD C:/Program Files/SEGGER/SEGGER Embedded Studio for ARM 4.52c/lib/libdebugio_v7em_fpv4_sp_d16_hard_t_le_eabi.a
LOAD C:/Program Files/SEGGER/SEGGER Embedded Studio for ARM 4.52c/lib/libvfprintf_v7em_fpv4_sp_d16_hard_t_le_eabi.o
LOAD C:/Program Files/SEGGER/SEGGER Embedded Studio for ARM 4.52c/lib/libvfscanf_v7em_fpv4_sp_d16_hard_t_le_eabi.o
END GROUP
OUTPUT(Output/Release/Exe/bsp_pca10056.elf elf32-littlearm)

.ARM.attributes
                0x0000000000000000       0x35
 .ARM.attributes
                0x0000000000000000       0x25 Output/bsp_pca10056 Release/Obj/thumb_crt0.o
 .ARM.attributes
                0x0000000000000025       0x39 Output/bsp_pca10056 Release/Obj/nrf_log_backend_rtt.o
 .ARM.attributes
                0x000000000000005e       0x39 Output/bsp_pca10056 Release/Obj/nrf_log_backend_serial.o
 .ARM.attributes
                0x0000000000000097       0x39 Output/bsp_pca10056 Release/Obj/nrf_log_default_backends.o
 .ARM.attributes
                0x00000000000000d0       0x39 Output/bsp_pca10056 Release/Obj/nrf_log_frontend.o
 .ARM.attributes
                0x0000000000000109       0x39 Output/bsp_pca10056 Release/Obj/nrf_log_str_formatter.o
 .ARM.attributes
                0x0000000000000142       0x39 Output/bsp_pca10056 Release/Obj/app_button.o
 .ARM.attributes
                0x000000000000017b       0x39 Output/bsp_pca10056 Release/Obj/app_error.o
 .ARM.attributes
                0x00000000000001b4       0x39 Output/bsp_pca10056 Release/Obj/app_error_weak.o
 .ARM.attributes
                0x00000000000001ed       0x39 Output/bsp_pca10056 Release/Obj/app_fifo.o
 .ARM.attributes
                0x0000000000000226       0x39 Output/bsp_pca10056 Release/Obj/app_timer2.o
 .ARM.attributes
                0x000000000000025f       0x39 Output/bsp_pca10056 Release/Obj/app_uart_fifo.o
 .ARM.attributes
                0x0000000000000298       0x39 Output/bsp_pca10056 Release/Obj/app_util_platform.o
 .ARM.attributes
                0x00000000000002d1       0x39 Output/bsp_pca10056 Release/Obj/drv_rtc.o
 .ARM.attributes
                0x000000000000030a       0x39 Output/bsp_pca10056 Release/Obj/nrf_atomic.o
 .ARM.attributes
                0x0000000000000343       0x39 Output/bsp_pca10056 Release/Obj/nrf_balloc.o
 .ARM.attributes
                0x000000000000037c       0x39 Output/bsp_pca10056 Release/Obj/nrf_fprintf.o
 .ARM.attributes
                0x00000000000003b5       0x39 Output/bsp_pca10056 Release/Obj/nrf_fprintf_format.o
 .ARM.attributes
                0x00000000000003ee       0x39 Output/bsp_pca10056 Release/Obj/nrf_memobj.o
 .ARM.attributes
                0x0000000000000427       0x39 Output/bsp_pca10056 Release/Obj/nrf_ringbuf.o
 .ARM.attributes
                0x0000000000000460       0x39 Output/bsp_pca10056 Release/Obj/nrf_sortlist.o
 .ARM.attributes
                0x0000000000000499       0x39 Output/bsp_pca10056 Release/Obj/nrf_drv_uart.o
 .ARM.attributes
                0x00000000000004d2       0x39 Output/bsp_pca10056 Release/Obj/nrfx_gpiote.o
 .ARM.attributes
                0x000000000000050b       0x39 Output/bsp_pca10056 Release/Obj/nrfx_prs.o
 .ARM.attributes
                0x0000000000000544       0x39 Output/bsp_pca10056 Release/Obj/nrfx_uart.o
 .ARM.attributes
                0x000000000000057d       0x39 Output/bsp_pca10056 Release/Obj/nrfx_uarte.o
 .ARM.attributes
                0x00000000000005b6       0x39 Output/bsp_pca10056 Release/Obj/main.o
 .ARM.attributes
                0x00000000000005ef       0x39 Output/bsp_pca10056 Release/Obj/fingerprint.o
 .ARM.attributes
                0x0000000000000628       0x39 Output/bsp_pca10056 Release/Obj/SEGGER_RTT.o
 .ARM.attributes
                0x0000000000000661       0x25 Output/bsp_pca10056 Release/Obj/ses_startup_nrf52840.o
 .ARM.attributes
                0x0000000000000686       0x25 Output/bsp_pca10056 Release/Obj/ses_startup_nrf_common.o
 .ARM.attributes
                0x00000000000006ab       0x39 Output/bsp_pca10056 Release/Obj/system_nrf52840.o
 .ARM.attributes
                0x00000000000006e4       0x34 C:/Program Files/SEGGER/SEGGER Embedded Studio for ARM 4.52c/lib/libc_v7em_fpv4_sp_d16_hard_t_le_eabi.a(libc2.o)
 .ARM.attributes
                0x0000000000000718       0x20 C:/Program Files/SEGGER/SEGGER Embedded Studio for ARM 4.52c/lib/libc_v7em_fpv4_sp_d16_hard_t_le_eabi.a(libc2_asm.o)

.comment        0x0000000000000000       0x47
 .comment       0x0000000000000000       0x47 Output/bsp_pca10056 Release/Obj/nrf_log_backend_rtt.o
                                         0x48 (size before relaxing)
 .comment       0x0000000000000047       0x48 Output/bsp_pca10056 Release/Obj/nrf_log_backend_serial.o
 .comment       0x0000000000000047       0x48 Output/bsp_pca10056 Release/Obj/nrf_log_default_backends.o
 .comment       0x0000000000000047       0x48 Output/bsp_pca10056 Release/Obj/nrf_log_frontend.o
 .comment       0x0000000000000047       0x48 Output/bsp_pca10056 Release/Obj/nrf_log_str_formatter.o
 .comment       0x0000000000000047       0x48 Output/bsp_pca10056 Release/Obj/app_button.o
 .comment       0x0000000000000047       0x48 Output/bsp_pca10056 Release/Obj/app_error.o
 .comment       0x0000000000000047       0x48 Output/bsp_pca10056 Release/Obj/app_error_weak.o
 .comment       0x0000000000000047       0x48 Output/bsp_pca10056 Release/Obj/app_fifo.o
 .comment       0x0000000000000047       0x48 Output/bsp_pca10056 Release/Obj/app_timer2.o
 .comment       0x0000000000000047       0x48 Output/bsp_pca10056 Release/Obj/app_uart_fifo.o
 .comment       0x0000000000000047       0x48 Output/bsp_pca10056 Release/Obj/app_util_platform.o
 .comment       0x0000000000000047       0x48 Output/bsp_pca10056 Release/Obj/drv_rtc.o
 .comment       0x0000000000000047       0x48 Output/bsp_pca10056 Release/Obj/nrf_atomic.o
 .comment       0x0000000000000047       0x48 Output/bsp_pca10056 Release/Obj/nrf_balloc.o
 .comment       0x0000000000000047       0x48 Output/bsp_pca10056 Release/Obj/nrf_fprintf.o
 .comment       0x0000000000000047       0x48 Output/bsp_pca10056 Release/Obj/nrf_fprintf_format.o
 .comment       0x0000000000000047       0x48 Output/bsp_pca10056 Release/Obj/nrf_memobj.o
 .comment       0x0000000000000047       0x48 Output/bsp_pca10056 Release/Obj/nrf_ringbuf.o
 .comment       0x0000000000000047       0x48 Output/bsp_pca10056 Release/Obj/nrf_sortlist.o
 .comment       0x0000000000000047       0x48 Output/bsp_pca10056 Release/Obj/nrf_drv_uart.o
 .comment       0x0000000000000047       0x48 Output/bsp_pca10056 Release/Obj/nrfx_gpiote.o
 .comment       0x0000000000000047       0x48 Output/bsp_pca10056 Release/Obj/nrfx_prs.o
 .comment       0x0000000000000047       0x48 Output/bsp_pca10056 Release/Obj/nrfx_uart.o
 .comment       0x0000000000000047       0x48 Output/bsp_pca10056 Release/Obj/nrfx_uarte.o
 .comment       0x0000000000000047       0x48 Output/bsp_pca10056 Release/Obj/main.o
 .comment       0x0000000000000047       0x48 Output/bsp_pca10056 Release/Obj/fingerprint.o
 .comment       0x0000000000000047       0x48 Output/bsp_pca10056 Release/Obj/SEGGER_RTT.o
 .comment       0x0000000000000047       0x48 Output/bsp_pca10056 Release/Obj/system_nrf52840.o
 .comment       0x0000000000000047       0x48 C:/Program Files/SEGGER/SEGGER Embedded Studio for ARM 4.52c/lib/libc_v7em_fpv4_sp_d16_hard_t_le_eabi.a(libc2.o)

.debug_line     0x0000000000000000    0x13c78
 .debug_line    0x0000000000000000      0x1fe Output/bsp_pca10056 Release/Obj/thumb_crt0.o
 .debug_line    0x00000000000001fe      0x8fe Output/bsp_pca10056 Release/Obj/nrf_log_backend_rtt.o
 .debug_line    0x0000000000000afc      0x6d8 Output/bsp_pca10056 Release/Obj/nrf_log_backend_serial.o
 .debug_line    0x00000000000011d4      0x5c8 Output/bsp_pca10056 Release/Obj/nrf_log_default_backends.o
 .debug_line    0x000000000000179c     0x12be Output/bsp_pca10056 Release/Obj/nrf_log_frontend.o
 .debug_line    0x0000000000002a5a      0x7e9 Output/bsp_pca10056 Release/Obj/nrf_log_str_formatter.o
 .debug_line    0x0000000000003243      0xd14 Output/bsp_pca10056 Release/Obj/app_button.o
 .debug_line    0x0000000000003f57      0x3ca Output/bsp_pca10056 Release/Obj/app_error.o
 .debug_line    0x0000000000004321      0x6fd Output/bsp_pca10056 Release/Obj/app_error_weak.o
 .debug_line    0x0000000000004a1e      0x714 Output/bsp_pca10056 Release/Obj/app_fifo.o
 .debug_line    0x0000000000005132      0xd56 Output/bsp_pca10056 Release/Obj/app_timer2.o
 .debug_line    0x0000000000005e88      0xab6 Output/bsp_pca10056 Release/Obj/app_uart_fifo.o
 .debug_line    0x000000000000693e      0x448 Output/bsp_pca10056 Release/Obj/app_util_platform.o
 .debug_line    0x0000000000006d86     0x10f4 Output/bsp_pca10056 Release/Obj/drv_rtc.o
 .debug_line    0x0000000000007e7a      0x6b0 Output/bsp_pca10056 Release/Obj/nrf_atomic.o
 .debug_line    0x000000000000852a      0x6bb Output/bsp_pca10056 Release/Obj/nrf_balloc.o
 .debug_line    0x0000000000008be5      0x3ec Output/bsp_pca10056 Release/Obj/nrf_fprintf.o
 .debug_line    0x0000000000008fd1      0x83d Output/bsp_pca10056 Release/Obj/nrf_fprintf_format.o
 .debug_line    0x000000000000980e      0x800 Output/bsp_pca10056 Release/Obj/nrf_memobj.o
 .debug_line    0x000000000000a00e      0x76c Output/bsp_pca10056 Release/Obj/nrf_ringbuf.o
 .debug_line    0x000000000000a77a      0x5e8 Output/bsp_pca10056 Release/Obj/nrf_sortlist.o
 .debug_line    0x000000000000ad62      0x697 Output/bsp_pca10056 Release/Obj/nrf_drv_uart.o
 .debug_line    0x000000000000b3f9     0x1c56 Output/bsp_pca10056 Release/Obj/nrfx_gpiote.o
 .debug_line    0x000000000000d04f      0x747 Output/bsp_pca10056 Release/Obj/nrfx_prs.o
 .debug_line    0x000000000000d796     0x1787 Output/bsp_pca10056 Release/Obj/nrfx_uart.o
 .debug_line    0x000000000000ef1d     0x16ca Output/bsp_pca10056 Release/Obj/nrfx_uarte.o
 .debug_line    0x00000000000105e7     0x10a8 Output/bsp_pca10056 Release/Obj/main.o
 .debug_line    0x000000000001168f      0xd57 Output/bsp_pca10056 Release/Obj/fingerprint.o
 .debug_line    0x00000000000123e6     0x1236 Output/bsp_pca10056 Release/Obj/SEGGER_RTT.o
 .debug_line    0x000000000001361c       0x91 Output/bsp_pca10056 Release/Obj/ses_startup_nrf52840.o
 .debug_line    0x00000000000136ad       0xb0 Output/bsp_pca10056 Release/Obj/ses_startup_nrf_common.o
 .debug_line    0x000000000001375d      0x51b Output/bsp_pca10056 Release/Obj/system_nrf52840.o

.debug_info     0x0000000000000000    0x2978b
 .debug_info    0x0000000000000000       0x22 Output/bsp_pca10056 Release/Obj/thumb_crt0.o
 .debug_info    0x0000000000000022      0xe0f Output/bsp_pca10056 Release/Obj/nrf_log_backend_rtt.o
 .debug_info    0x0000000000000e31      0xea0 Output/bsp_pca10056 Release/Obj/nrf_log_backend_serial.o
 .debug_info    0x0000000000001cd1      0xa1a Output/bsp_pca10056 Release/Obj/nrf_log_default_backends.o
 .debug_info    0x00000000000026eb     0x29a0 Output/bsp_pca10056 Release/Obj/nrf_log_frontend.o
 .debug_info    0x000000000000508b     0x1036 Output/bsp_pca10056 Release/Obj/nrf_log_str_formatter.o
 .debug_info    0x00000000000060c1     0x1288 Output/bsp_pca10056 Release/Obj/app_button.o
 .debug_info    0x0000000000007349      0x876 Output/bsp_pca10056 Release/Obj/app_error.o
 .debug_info    0x0000000000007bbf      0xca7 Output/bsp_pca10056 Release/Obj/app_error_weak.o
 .debug_info    0x0000000000008866      0xc66 Output/bsp_pca10056 Release/Obj/app_fifo.o
 .debug_info    0x00000000000094cc     0x1ba8 Output/bsp_pca10056 Release/Obj/app_timer2.o
 .debug_info    0x000000000000b074     0x1c17 Output/bsp_pca10056 Release/Obj/app_uart_fifo.o
 .debug_info    0x000000000000cc8b      0xd61 Output/bsp_pca10056 Release/Obj/app_util_platform.o
 .debug_info    0x000000000000d9ec     0x2681 Output/bsp_pca10056 Release/Obj/drv_rtc.o
 .debug_info    0x000000000001006d      0xee3 Output/bsp_pca10056 Release/Obj/nrf_atomic.o
 .debug_info    0x0000000000010f50      0xae8 Output/bsp_pca10056 Release/Obj/nrf_balloc.o
 .debug_info    0x0000000000011a38      0x7e4 Output/bsp_pca10056 Release/Obj/nrf_fprintf.o
 .debug_info    0x000000000001221c      0xcad Output/bsp_pca10056 Release/Obj/nrf_fprintf_format.o
 .debug_info    0x0000000000012ec9      0xff4 Output/bsp_pca10056 Release/Obj/nrf_memobj.o
 .debug_info    0x0000000000013ebd      0xc18 Output/bsp_pca10056 Release/Obj/nrf_ringbuf.o
 .debug_info    0x0000000000014ad5      0xa00 Output/bsp_pca10056 Release/Obj/nrf_sortlist.o
 .debug_info    0x00000000000154d5     0x17a8 Output/bsp_pca10056 Release/Obj/nrf_drv_uart.o
 .debug_info    0x0000000000016c7d     0x3b45 Output/bsp_pca10056 Release/Obj/nrfx_gpiote.o
 .debug_info    0x000000000001a7c2      0xe6f Output/bsp_pca10056 Release/Obj/nrfx_prs.o
 .debug_info    0x000000000001b631     0x377c Output/bsp_pca10056 Release/Obj/nrfx_uart.o
 .debug_info    0x000000000001edad     0x38c6 Output/bsp_pca10056 Release/Obj/nrfx_uarte.o
 .debug_info    0x0000000000022673     0x1a2b Output/bsp_pca10056 Release/Obj/main.o
 .debug_info    0x000000000002409e     0x2656 Output/bsp_pca10056 Release/Obj/fingerprint.o
 .debug_info    0x00000000000266f4     0x1b9e Output/bsp_pca10056 Release/Obj/SEGGER_RTT.o
 .debug_info    0x0000000000028292       0x26 Output/bsp_pca10056 Release/Obj/ses_startup_nrf52840.o
 .debug_info    0x00000000000282b8       0x26 Output/bsp_pca10056 Release/Obj/ses_startup_nrf_common.o
 .debug_info    0x00000000000282de     0x14ad Output/bsp_pca10056 Release/Obj/system_nrf52840.o

.debug_abbrev   0x0000000000000000     0x5f34
 .debug_abbrev  0x0000000000000000       0x12 Output/bsp_pca10056 Release/Obj/thumb_crt0.o
 .debug_abbrev  0x0000000000000012      0x2f4 Output/bsp_pca10056 Release/Obj/nrf_log_backend_rtt.o
 .debug_abbrev  0x0000000000000306      0x26b Output/bsp_pca10056 Release/Obj/nrf_log_backend_serial.o
 .debug_abbrev  0x0000000000000571      0x206 Output/bsp_pca10056 Release/Obj/nrf_log_default_backends.o
 .debug_abbrev  0x0000000000000777      0x600 Output/bsp_pca10056 Release/Obj/nrf_log_frontend.o
 .debug_abbrev  0x0000000000000d77      0x2b5 Output/bsp_pca10056 Release/Obj/nrf_log_str_formatter.o
 .debug_abbrev  0x000000000000102c      0x3d5 Output/bsp_pca10056 Release/Obj/app_button.o
 .debug_abbrev  0x0000000000001401      0x1d8 Output/bsp_pca10056 Release/Obj/app_error.o
 .debug_abbrev  0x00000000000015d9      0x26a Output/bsp_pca10056 Release/Obj/app_error_weak.o
 .debug_abbrev  0x0000000000001843      0x222 Output/bsp_pca10056 Release/Obj/app_fifo.o
 .debug_abbrev  0x0000000000001a65      0x4de Output/bsp_pca10056 Release/Obj/app_timer2.o
 .debug_abbrev  0x0000000000001f43      0x3e2 Output/bsp_pca10056 Release/Obj/app_uart_fifo.o
 .debug_abbrev  0x0000000000002325      0x2b5 Output/bsp_pca10056 Release/Obj/app_util_platform.o
 .debug_abbrev  0x00000000000025da      0x539 Output/bsp_pca10056 Release/Obj/drv_rtc.o
 .debug_abbrev  0x0000000000002b13      0x25a Output/bsp_pca10056 Release/Obj/nrf_atomic.o
 .debug_abbrev  0x0000000000002d6d      0x29d Output/bsp_pca10056 Release/Obj/nrf_balloc.o
 .debug_abbrev  0x000000000000300a      0x1de Output/bsp_pca10056 Release/Obj/nrf_fprintf.o
 .debug_abbrev  0x00000000000031e8      0x368 Output/bsp_pca10056 Release/Obj/nrf_fprintf_format.o
 .debug_abbrev  0x0000000000003550      0x281 Output/bsp_pca10056 Release/Obj/nrf_memobj.o
 .debug_abbrev  0x00000000000037d1      0x1e7 Output/bsp_pca10056 Release/Obj/nrf_ringbuf.o
 .debug_abbrev  0x00000000000039b8      0x1dc Output/bsp_pca10056 Release/Obj/nrf_sortlist.o
 .debug_abbrev  0x0000000000003b94      0x274 Output/bsp_pca10056 Release/Obj/nrf_drv_uart.o
 .debug_abbrev  0x0000000000003e08      0x5db Output/bsp_pca10056 Release/Obj/nrfx_gpiote.o
 .debug_abbrev  0x00000000000043e3      0x2f0 Output/bsp_pca10056 Release/Obj/nrfx_prs.o
 .debug_abbrev  0x00000000000046d3      0x59f Output/bsp_pca10056 Release/Obj/nrfx_uart.o
 .debug_abbrev  0x0000000000004c72      0x507 Output/bsp_pca10056 Release/Obj/nrfx_uarte.o
 .debug_abbrev  0x0000000000005179      0x41d Output/bsp_pca10056 Release/Obj/main.o
 .debug_abbrev  0x0000000000005596      0x3e3 Output/bsp_pca10056 Release/Obj/fingerprint.o
 .debug_abbrev  0x0000000000005979      0x32c Output/bsp_pca10056 Release/Obj/SEGGER_RTT.o
 .debug_abbrev  0x0000000000005ca5       0x14 Output/bsp_pca10056 Release/Obj/ses_startup_nrf52840.o
 .debug_abbrev  0x0000000000005cb9       0x14 Output/bsp_pca10056 Release/Obj/ses_startup_nrf_common.o
 .debug_abbrev  0x0000000000005ccd      0x267 Output/bsp_pca10056 Release/Obj/system_nrf52840.o

.debug_aranges  0x0000000000000000      0xc28
 .debug_aranges
                0x0000000000000000       0x88 Output/bsp_pca10056 Release/Obj/thumb_crt0.o
 .debug_aranges
                0x0000000000000088       0x38 Output/bsp_pca10056 Release/Obj/nrf_log_backend_rtt.o
 .debug_aranges
                0x00000000000000c0       0x20 Output/bsp_pca10056 Release/Obj/nrf_log_backend_serial.o
 .debug_aranges